Archive member included to satisfy reference by file (symbol)

/usr/lib/gcc/arm-none-eabi/10.3.1/thumb/v6-m/nofp/libgcc.a(_dvmd_tls.o)
                              CMakeFiles/telitHost.dir/mnt/LinuxApps/PicoSDK/pico-sdk/src/rp2_common/pico_divider/divider.S.obj (__aeabi_idiv0)
/usr/lib/gcc/arm-none-eabi/10.3.1/../../../arm-none-eabi/lib/thumb/v6-m/nofp/libg.a(lib_a-atexit.o)
                              /usr/lib/gcc/arm-none-eabi/10.3.1/../../../arm-none-eabi/lib/thumb/v6-m/nofp/crt0.o (atexit)
/usr/lib/gcc/arm-none-eabi/10.3.1/../../../arm-none-eabi/lib/thumb/v6-m/nofp/libg.a(lib_a-atoi.o)
                              CMakeFiles/telitHost.dir/telitHost.c.obj (atoi)
/usr/lib/gcc/arm-none-eabi/10.3.1/../../../arm-none-eabi/lib/thumb/v6-m/nofp/libg.a(lib_a-calloc.o)
                              CMakeFiles/telitHost.dir/mnt/LinuxApps/PicoSDK/pico-sdk/src/rp2_common/pico_malloc/pico_malloc.c.obj (calloc)
/usr/lib/gcc/arm-none-eabi/10.3.1/../../../arm-none-eabi/lib/thumb/v6-m/nofp/libg.a(lib_a-callocr.o)
                              /usr/lib/gcc/arm-none-eabi/10.3.1/../../../arm-none-eabi/lib/thumb/v6-m/nofp/libg.a(lib_a-calloc.o) (_calloc_r)
/usr/lib/gcc/arm-none-eabi/10.3.1/../../../arm-none-eabi/lib/thumb/v6-m/nofp/libg.a(lib_a-ctype_.o)
                              CMakeFiles/telitHost.dir/mnt/LinuxApps/PicoSDK/pico-sdk/lib/tinyusb/src/tusb.c.obj (_ctype_)
/usr/lib/gcc/arm-none-eabi/10.3.1/../../../arm-none-eabi/lib/thumb/v6-m/nofp/libg.a(lib_a-fini.o)
                              /usr/lib/gcc/arm-none-eabi/10.3.1/../../../arm-none-eabi/lib/thumb/v6-m/nofp/crt0.o (__libc_fini_array)
/usr/lib/gcc/arm-none-eabi/10.3.1/../../../arm-none-eabi/lib/thumb/v6-m/nofp/libg.a(lib_a-impure.o)
                              /usr/lib/gcc/arm-none-eabi/10.3.1/../../../arm-none-eabi/lib/thumb/v6-m/nofp/libg.a(lib_a-calloc.o) (_impure_ptr)
/usr/lib/gcc/arm-none-eabi/10.3.1/../../../arm-none-eabi/lib/thumb/v6-m/nofp/libg.a(lib_a-init.o)
                              /usr/lib/gcc/arm-none-eabi/10.3.1/../../../arm-none-eabi/lib/thumb/v6-m/nofp/crt0.o (__libc_init_array)
/usr/lib/gcc/arm-none-eabi/10.3.1/../../../arm-none-eabi/lib/thumb/v6-m/nofp/libg.a(lib_a-malloc.o)
                              CMakeFiles/telitHost.dir/mnt/LinuxApps/PicoSDK/pico-sdk/src/rp2_common/pico_malloc/pico_malloc.c.obj (malloc)
/usr/lib/gcc/arm-none-eabi/10.3.1/../../../arm-none-eabi/lib/thumb/v6-m/nofp/libg.a(lib_a-mallocr.o)
                              /usr/lib/gcc/arm-none-eabi/10.3.1/../../../arm-none-eabi/lib/thumb/v6-m/nofp/libg.a(lib_a-callocr.o) (_malloc_r)
/usr/lib/gcc/arm-none-eabi/10.3.1/../../../arm-none-eabi/lib/thumb/v6-m/nofp/libg.a(lib_a-mlock.o)
                              /usr/lib/gcc/arm-none-eabi/10.3.1/../../../arm-none-eabi/lib/thumb/v6-m/nofp/libg.a(lib_a-mallocr.o) (__malloc_lock)
/usr/lib/gcc/arm-none-eabi/10.3.1/../../../arm-none-eabi/lib/thumb/v6-m/nofp/libg.a(lib_a-sbrkr.o)
                              /usr/lib/gcc/arm-none-eabi/10.3.1/../../../arm-none-eabi/lib/thumb/v6-m/nofp/libg.a(lib_a-mallocr.o) (_sbrk_r)
/usr/lib/gcc/arm-none-eabi/10.3.1/../../../arm-none-eabi/lib/thumb/v6-m/nofp/libg.a(lib_a-strcat.o)
                              CMakeFiles/telitHost.dir/telitHost.c.obj (strcat)
/usr/lib/gcc/arm-none-eabi/10.3.1/../../../arm-none-eabi/lib/thumb/v6-m/nofp/libg.a(lib_a-strchr.o)
                              CMakeFiles/telitHost.dir/telitHost.c.obj (strchr)
/usr/lib/gcc/arm-none-eabi/10.3.1/../../../arm-none-eabi/lib/thumb/v6-m/nofp/libg.a(lib_a-strcpy.o)
                              /usr/lib/gcc/arm-none-eabi/10.3.1/../../../arm-none-eabi/lib/thumb/v6-m/nofp/libg.a(lib_a-strcat.o) (strcpy)
/usr/lib/gcc/arm-none-eabi/10.3.1/../../../arm-none-eabi/lib/thumb/v6-m/nofp/libg.a(lib_a-strlen-stub.o)
                              CMakeFiles/telitHost.dir/telitHost.c.obj (strlen)
/usr/lib/gcc/arm-none-eabi/10.3.1/../../../arm-none-eabi/lib/thumb/v6-m/nofp/libg.a(lib_a-strncpy.o)
                              CMakeFiles/telitHost.dir/telitHost.c.obj (strncpy)
/usr/lib/gcc/arm-none-eabi/10.3.1/../../../arm-none-eabi/lib/thumb/v6-m/nofp/libg.a(lib_a-strstr.o)
                              CMakeFiles/telitHost.dir/telitHost.c.obj (strstr)
/usr/lib/gcc/arm-none-eabi/10.3.1/../../../arm-none-eabi/lib/thumb/v6-m/nofp/libg.a(lib_a-strtol.o)
                              /usr/lib/gcc/arm-none-eabi/10.3.1/../../../arm-none-eabi/lib/thumb/v6-m/nofp/libg.a(lib_a-atoi.o) (_strtol_r)
/usr/lib/gcc/arm-none-eabi/10.3.1/../../../arm-none-eabi/lib/thumb/v6-m/nofp/libg.a(lib_a-__atexit.o)
                              /usr/lib/gcc/arm-none-eabi/10.3.1/../../../arm-none-eabi/lib/thumb/v6-m/nofp/libg.a(lib_a-atexit.o) (__register_exitproc)
/usr/lib/gcc/arm-none-eabi/10.3.1/../../../arm-none-eabi/lib/thumb/v6-m/nofp/libg.a(lib_a-errno.o)
                              /usr/lib/gcc/arm-none-eabi/10.3.1/../../../arm-none-eabi/lib/thumb/v6-m/nofp/libg.a(lib_a-strtol.o) (__errno)
[...]
Memory Configuration

Name             Origin             Length             Attributes
FLASH            0x0000000010000000 0x0000000000200000 xr
RAM              0x0000000020000000 0x0000000000040000 xrw
SCRATCH_X        0x0000000020040000 0x0000000000001000 xrw
SCRATCH_Y        0x0000000020041000 0x0000000000001000 xrw
*default*        0x0000000000000000 0xffffffffffffffff

Linker script and memory map

LOAD /usr/lib/gcc/arm-none-eabi/10.3.1/thumb/v6-m/nofp/crti.o
LOAD /usr/lib/gcc/arm-none-eabi/10.3.1/thumb/v6-m/nofp/crtbegin.o
LOAD /usr/lib/gcc/arm-none-eabi/10.3.1/../../../arm-none-eabi/lib/thumb/v6-m/nofp/crt0.o

.flash_begin    0x0000000010000000        0x0
                0x0000000010000000                __flash_binary_start = .

.boot2          0x0000000010000000      0x100
                0x0000000010000000                __boot2_start__ = .
 *(.boot2)
 .boot2         0x0000000010000000      0x100 /tmp/ccNj6CkU.o
                0x0000000010000100                __boot2_end__ = .
                0x0000000000000001                ASSERT (((__boot2_end__ - __boot2_start__) == 0x100), ERROR: Pico second stage bootloader must be 256 bytes in size)

.text           0x0000000010000100     0x99b0
                0x0000000010000100                __logical_binary_start = .
 *(.vectors)
 .vectors       0x0000000010000100       0xd4 CMakeFiles/telitHost.dir/mnt/LinuxApps/PicoSDK/pico-sdk/src/rp2_common/pico_standard_link/crt0.S.obj
                0x0000000010000100                __vectors
                0x0000000010000100                __VECTOR_TABLE
                0x00000000100001c0                isr_invalid
                0x00000000100001c0                __default_isrs_start
                0x00000000100001c2                isr_nmi
                0x00000000100001c4                isr_hardfault
                0x00000000100001c6                isr_svcall
                0x00000000100001c8                isr_pendsv
                0x00000000100001ca                isr_systick
                0x00000000100001cc                isr_irq30
                0x00000000100001cc                __unhandled_user_irq
                0x00000000100001cc                isr_irq13
                0x00000000100001cc                isr_irq27
                0x00000000100001cc                isr_irq31
                0x00000000100001cc                isr_irq5
                0x00000000100001cc                isr_irq11
                0x00000000100001cc                isr_irq23
                0x00000000100001cc                isr_irq18
                0x00000000100001cc                isr_irq28
                0x00000000100001cc                isr_irq19
                0x00000000100001cc                isr_irq0
                0x00000000100001cc                isr_irq6
                0x00000000100001cc                isr_irq22
                0x00000000100001cc                isr_irq17
                0x00000000100001cc                isr_irq14
                0x00000000100001cc                isr_irq2
                0x00000000100001cc                isr_irq10
                0x00000000100001cc                isr_irq8
                0x00000000100001cc                isr_irq24
                0x00000000100001cc                isr_irq1
                0x00000000100001cc                isr_irq7
                0x00000000100001cc                isr_irq21
                0x00000000100001cc                isr_irq20
                0x00000000100001cc                isr_irq15
                0x00000000100001cc                isr_irq25
                0x00000000100001cc                isr_irq4
                0x00000000100001cc                isr_irq16
                0x00000000100001cc                isr_irq29
                0x00000000100001cc                isr_irq26
                0x00000000100001cc                __default_isrs_end
                0x00000000100001cc                isr_irq3
                0x00000000100001cc                isr_irq12
                0x00000000100001cc                isr_irq9
                0x00000000100001d2                unhandled_user_irq_num_in_r0
 *(.binary_info_header)
 .binary_info_header
                0x00000000100001d4       0x14 CMakeFiles/telitHost.dir/mnt/LinuxApps/PicoSDK/pico-sdk/src/rp2_common/pico_standard_link/crt0.S.obj
                0x00000000100001e8                __binary_info_header_end = .
 *(.reset)
 .reset         0x00000000100001e8       0xa8 CMakeFiles/telitHost.dir/mnt/LinuxApps/PicoSDK/pico-sdk/src/rp2_common/pico_standard_link/crt0.S.obj
                0x00000000100001e8                _entry_point
                0x0000000010000266                __get_current_exception
 .reset         0x0000000010000290       0x30 CMakeFiles/telitHost.dir/mnt/LinuxApps/PicoSDK/pico-sdk/src/rp2_common/pico_standard_link/binary_info.c.obj
 *(.init)
 .init          0x00000000100002c0        0x4 /usr/lib/gcc/arm-none-eabi/10.3.1/thumb/v6-m/nofp/crti.o
                0x00000000100002c0                _init
 *(EXCLUDE_FILE(*libm.a: *libc.a:*lib_a-mem*.o *libgcc.a:) .text*)
 .text          0x00000000100002c4       0x98 /usr/lib/gcc/arm-none-eabi/10.3.1/thumb/v6-m/nofp/crtbegin.o
 .text.gpio_interrupt_handler
                0x000000001000035c       0x40 CMakeFiles/telitHost.dir/telitHost.c.obj
                0x000000001000035c                gpio_interrupt_handler
 .text.on_uart0_rx
                0x000000001000039c       0x90 CMakeFiles/telitHost.dir/telitHost.c.obj
                0x000000001000039c                on_uart0_rx
 .text.create_message
                0x000000001000042c       0x54 CMakeFiles/telitHost.dir/telitHost.c.obj
                0x000000001000042c                create_message
 .text.send_message_to_telit
                0x0000000010000480       0x88 CMakeFiles/telitHost.dir/telitHost.c.obj
                0x0000000010000480                send_message_to_telit
 .text.mqtt_new_message_count
                0x0000000010000508       0xc0 CMakeFiles/telitHost.dir/telitHost.c.obj
                0x0000000010000508                mqtt_new_message_count
 .text.mqtt_read_in_queue
                0x00000000100005c8      0x130 CMakeFiles/telitHost.dir/telitHost.c.obj
                0x00000000100005c8                mqtt_read_in_queue
 .text.mqtt_logout
                0x00000000100006f8       0xa4 CMakeFiles/telitHost.dir/telitHost.c.obj
                0x00000000100006f8                mqtt_logout
 .text.mqtt_enable_and_configure
                0x000000001000079c      0x264 CMakeFiles/telitHost.dir/telitHost.c.obj
                0x000000001000079c                mqtt_enable_and_configure
 .text.mqtt_login
                0x0000000010000a00      0x1b8 CMakeFiles/telitHost.dir/telitHost.c.obj
                0x0000000010000a00                mqtt_login
 .text.mqtt_subscribe_topic
                0x0000000010000bb8      0x110 CMakeFiles/telitHost.dir/telitHost.c.obj
                0x0000000010000bb8                mqtt_subscribe_topic
 .text.mqtt_publish
                0x0000000010000cc8      0x154 CMakeFiles/telitHost.dir/telitHost.c.obj
                0x0000000010000cc8                mqtt_publish
 .text.activate_pdp
                0x0000000010000e1c      0x1b4 CMakeFiles/telitHost.dir/telitHost.c.obj
                0x0000000010000e1c                activate_pdp
 .text.define_apn
                0x0000000010000fd0       0xac CMakeFiles/telitHost.dir/telitHost.c.obj
                0x0000000010000fd0                define_apn
 .text.check_gprs_registration
                0x000000001000107c       0xfc CMakeFiles/telitHost.dir/telitHost.c.obj
                0x000000001000107c                check_gprs_registration
 .text.process_gprs_registration
                0x0000000010001178       0x64 CMakeFiles/telitHost.dir/telitHost.c.obj
                0x0000000010001178                process_gprs_registration
 .text.check_gprs_attach
                0x00000000100011dc      0x100 CMakeFiles/telitHost.dir/telitHost.c.obj
                0x00000000100011dc                check_gprs_attach
 .text.process_gprs_attach
                0x00000000100012dc       0x38 CMakeFiles/telitHost.dir/telitHost.c.obj
                0x00000000100012dc                process_gprs_attach
 .text.check_carrier_registration
                0x0000000010001314       0xf4 CMakeFiles/telitHost.dir/telitHost.c.obj
                0x0000000010001314                check_carrier_registration
 .text.check_signal_quality
                0x0000000010001408       0xf0 CMakeFiles/telitHost.dir/telitHost.c.obj
                0x0000000010001408                check_signal_quality
 .text.set_gpios
                0x00000000100014f8       0x2c CMakeFiles/telitHost.dir/telitHost.c.obj
                0x00000000100014f8                set_gpios
 .text.set_telit_uart_ready
                0x0000000010001524       0x80 CMakeFiles/telitHost.dir/telitHost.c.obj
                0x0000000010001524                set_telit_uart_ready
 .text.reboot_pico
                0x00000000100015a4       0x10 CMakeFiles/telitHost.dir/telitHost.c.obj
                0x00000000100015a4                reboot_pico
 .text.process_mqtt_enable
                0x00000000100015b4       0x80 CMakeFiles/telitHost.dir/telitHost.c.obj
                0x00000000100015b4                process_mqtt_enable
 .text.process_mqtt_login
                0x0000000010001634       0x70 CMakeFiles/telitHost.dir/telitHost.c.obj
                0x0000000010001634                process_mqtt_login
 .text.process_carrier_registration
                0x00000000100016a4       0x84 CMakeFiles/telitHost.dir/telitHost.c.obj
                0x00000000100016a4                process_carrier_registration
 .text.process_signal_quailty
                0x0000000010001728       0x70 CMakeFiles/telitHost.dir/telitHost.c.obj
                0x0000000010001728                process_signal_quailty
 .text.telit_init_3g
                0x0000000010001798       0x70 CMakeFiles/telitHost.dir/telitHost.c.obj
                0x0000000010001798                telit_init_3g
 .text.main     0x0000000010001808      0x234 CMakeFiles/telitHost.dir/telitHost.c.obj
                0x0000000010001808                main
 .text.gpio_set_function
                0x0000000010001a3c       0x30 CMakeFiles/telitHost.dir/mnt/LinuxApps/PicoSDK/pico-sdk/src/rp2_common/hardware_gpio/gpio.c.obj
                0x0000000010001a3c                gpio_set_function
 .text.gpio_set_pulls
                0x0000000010001a6c       0x34 CMakeFiles/telitHost.dir/mnt/LinuxApps/PicoSDK/pico-sdk/src/rp2_common/hardware_gpio/gpio.c.obj
                0x0000000010001a6c                gpio_set_pulls
 .text.gpio_acknowledge_irq
                0x0000000010001aa0       0x18 CMakeFiles/telitHost.dir/mnt/LinuxApps/PicoSDK/pico-sdk/src/rp2_common/hardware_gpio/gpio.c.obj
                0x0000000010001aa0                gpio_acknowledge_irq
 .text._gpio_set_irq_enabled
                0x0000000010001ab8       0x34 CMakeFiles/telitHost.dir/mnt/LinuxApps/PicoSDK/pico-sdk/src/rp2_common/hardware_gpio/gpio.c.obj
 .text.gpio_set_irq_enabled
                0x0000000010001aec       0x20 CMakeFiles/telitHost.dir/mnt/LinuxApps/PicoSDK/pico-sdk/src/rp2_common/hardware_gpio/gpio.c.obj
                0x0000000010001aec                gpio_set_irq_enabled
 .text.gpio_set_irq_enabled_with_callback
                0x0000000010001b0c       0x30 CMakeFiles/telitHost.dir/mnt/LinuxApps/PicoSDK/pico-sdk/src/rp2_common/hardware_gpio/gpio.c.obj
                0x0000000010001b0c                gpio_set_irq_enabled_with_callback
 .text.gpio_irq_handler
                0x0000000010001b3c       0x68 CMakeFiles/telitHost.dir/mnt/LinuxApps/PicoSDK/pico-sdk/src/rp2_common/hardware_gpio/gpio.c.obj
 .text.gpio_init
                0x0000000010001ba4       0x16 CMakeFiles/telitHost.dir/mnt/LinuxApps/PicoSDK/pico-sdk/src/rp2_common/hardware_gpio/gpio.c.obj
                0x0000000010001ba4                gpio_init
 *fill*         0x0000000010001bba        0x2 
 .text.hw_claim_lock
                0x0000000010001bbc       0x18 CMakeFiles/telitHost.dir/mnt/LinuxApps/PicoSDK/pico-sdk/src/rp2_common/hardware_claim/claim.c.obj
                0x0000000010001bbc                hw_claim_lock
 .text.hw_claim_unlock
                0x0000000010001bd4       0x14 CMakeFiles/telitHost.dir/mnt/LinuxApps/PicoSDK/pico-sdk/src/rp2_common/hardware_claim/claim.c.obj
                0x0000000010001bd4                hw_claim_unlock
 .text.hw_claim_or_assert
                0x0000000010001be8       0x32 CMakeFiles/telitHost.dir/mnt/LinuxApps/PicoSDK/pico-sdk/src/rp2_common/hardware_claim/claim.c.obj
                0x0000000010001be8                hw_claim_or_assert
 .text.hw_claim_unused_from_range
                0x0000000010001c1a       0x50 CMakeFiles/telitHost.dir/mnt/LinuxApps/PicoSDK/pico-sdk/src/rp2_common/hardware_claim/claim.c.obj
                0x0000000010001c1a                hw_claim_unused_from_range
 *fill*         0x0000000010001c6a        0x2 
 .text.running_on_fpga
                0x0000000010001c6c       0x14 CMakeFiles/telitHost.dir/mnt/LinuxApps/PicoSDK/pico-sdk/src/rp2_common/pico_platform/platform.c.obj
                0x0000000010001c6c                running_on_fpga
 .text.spin_locks_reset
                0x0000000010001c80       0x20 CMakeFiles/telitHost.dir/mnt/LinuxApps/PicoSDK/pico-sdk/src/rp2_common/hardware_sync/sync.c.obj
                0x0000000010001c80                spin_locks_reset
 .text.next_striped_spin_lock_num
                0x0000000010001ca0       0x1c CMakeFiles/telitHost.dir/mnt/LinuxApps/PicoSDK/pico-sdk/src/rp2_common/hardware_sync/sync.c.obj
                0x0000000010001ca0                next_striped_spin_lock_num
 .text.spin_lock_claim_unused
                0x0000000010001cbc       0x20 CMakeFiles/telitHost.dir/mnt/LinuxApps/PicoSDK/pico-sdk/src/rp2_common/hardware_sync/sync.c.obj
                0x0000000010001cbc                spin_lock_claim_unused
 .text.uart_set_baudrate
                0x0000000010001cdc       0x5c CMakeFiles/telitHost.dir/mnt/LinuxApps/PicoSDK/pico-sdk/src/rp2_common/hardware_uart/uart.c.obj
                0x0000000010001cdc                uart_set_baudrate
 .text.uart_set_translate_crlf
                0x0000000010001d38       0x28 CMakeFiles/telitHost.dir/mnt/LinuxApps/PicoSDK/pico-sdk/src/rp2_common/hardware_uart/uart.c.obj
                0x0000000010001d38                uart_set_translate_crlf
 .text.uart_init
                0x0000000010001d60       0x80 CMakeFiles/telitHost.dir/mnt/LinuxApps/PicoSDK/pico-sdk/src/rp2_common/hardware_uart/uart.c.obj
                0x0000000010001d60                uart_init
 .text.alarm_pool_post_alloc_init
                0x0000000010001de0       0x40 CMakeFiles/telitHost.dir/mnt/LinuxApps/PicoSDK/pico-sdk/src/common/pico_time/time.c.obj
 .text.sleep_until_callback
                0x0000000010001e20       0x30 CMakeFiles/telitHost.dir/mnt/LinuxApps/PicoSDK/pico-sdk/src/common/pico_time/time.c.obj
 .text.timer_pool_entry_comparator
                0x0000000010001e50       0x7c CMakeFiles/telitHost.dir/mnt/LinuxApps/PicoSDK/pico-sdk/src/common/pico_time/time.c.obj
                0x0000000010001e50                timer_pool_entry_comparator
 .text.ph_add_child_node
                0x0000000010001ecc       0xa4 CMakeFiles/telitHost.dir/mnt/LinuxApps/PicoSDK/pico-sdk/src/common/pico_time/time.c.obj
 .text.ph_merge_nodes
                0x0000000010001f70       0x3e CMakeFiles/telitHost.dir/mnt/LinuxApps/PicoSDK/pico-sdk/src/common/pico_time/time.c.obj
 *fill*         0x0000000010001fae        0x2 
 .text.add_alarm_under_lock
                0x0000000010001fb0      0x174 CMakeFiles/telitHost.dir/mnt/LinuxApps/PicoSDK/pico-sdk/src/common/pico_time/time.c.obj
 .text.alarm_pool_alarm_callback
                0x0000000010002124      0x328 CMakeFiles/telitHost.dir/mnt/LinuxApps/PicoSDK/pico-sdk/src/common/pico_time/time.c.obj
 .text.alarm_pool_init_default
                0x000000001000244c       0x38 CMakeFiles/telitHost.dir/mnt/LinuxApps/PicoSDK/pico-sdk/src/common/pico_time/time.c.obj
                0x000000001000244c                alarm_pool_init_default
 .text.alarm_pool_get_default
                0x0000000010002484       0x2c CMakeFiles/telitHost.dir/mnt/LinuxApps/PicoSDK/pico-sdk/src/common/pico_time/time.c.obj
                0x0000000010002484                alarm_pool_get_default
 .text.alarm_pool_add_alarm_at
                0x00000000100024b0      0x170 CMakeFiles/telitHost.dir/mnt/LinuxApps/PicoSDK/pico-sdk/src/common/pico_time/time.c.obj
                0x00000000100024b0                alarm_pool_add_alarm_at
 .text.alarm_pool_cancel_alarm
                0x0000000010002620       0xf0 CMakeFiles/telitHost.dir/mnt/LinuxApps/PicoSDK/pico-sdk/src/common/pico_time/time.c.obj
                0x0000000010002620                alarm_pool_cancel_alarm
 .text.sleep_until
                0x0000000010002710       0xfc CMakeFiles/telitHost.dir/mnt/LinuxApps/PicoSDK/pico-sdk/src/common/pico_time/time.c.obj
                0x0000000010002710                sleep_until
 .text.sleep_us
                0x000000001000280c       0x58 CMakeFiles/telitHost.dir/mnt/LinuxApps/PicoSDK/pico-sdk/src/common/pico_time/time.c.obj
                0x000000001000280c                sleep_us
 .text.sleep_ms
                0x0000000010002864       0x14 CMakeFiles/telitHost.dir/mnt/LinuxApps/PicoSDK/pico-sdk/src/common/pico_time/time.c.obj
                0x0000000010002864                sleep_ms
 .text.best_effort_wfe_or_timeout
                0x0000000010002878       0x80 CMakeFiles/telitHost.dir/mnt/LinuxApps/PicoSDK/pico-sdk/src/common/pico_time/time.c.obj
                0x0000000010002878                best_effort_wfe_or_timeout
 .text.hardware_alarm_irq_handler
                0x00000000100028f8       0x8c CMakeFiles/telitHost.dir/mnt/LinuxApps/PicoSDK/pico-sdk/src/rp2_common/hardware_timer/timer.c.obj
 .text.hardware_alarm_claim
                0x0000000010002984       0x18 CMakeFiles/telitHost.dir/mnt/LinuxApps/PicoSDK/pico-sdk/src/rp2_common/hardware_timer/timer.c.obj
                0x0000000010002984                hardware_alarm_claim
 .text.time_us_64
                0x000000001000299c       0x18 CMakeFiles/telitHost.dir/mnt/LinuxApps/PicoSDK/pico-sdk/src/rp2_common/hardware_timer/timer.c.obj
                0x000000001000299c                time_us_64
 .text.busy_wait_until
                0x00000000100029b4       0x28 CMakeFiles/telitHost.dir/mnt/LinuxApps/PicoSDK/pico-sdk/src/rp2_common/hardware_timer/timer.c.obj
                0x00000000100029b4                busy_wait_until
 .text.busy_wait_us
                0x00000000100029dc       0x48 CMakeFiles/telitHost.dir/mnt/LinuxApps/PicoSDK/pico-sdk/src/rp2_common/hardware_timer/timer.c.obj
                0x00000000100029dc                busy_wait_us
 .text.hardware_alarm_set_callback
                0x0000000010002a24       0x90 CMakeFiles/telitHost.dir/mnt/LinuxApps/PicoSDK/pico-sdk/src/rp2_common/hardware_timer/timer.c.obj
                0x0000000010002a24                hardware_alarm_set_callback
 .text.hardware_alarm_set_target
                0x0000000010002ab4       0xe8 CMakeFiles/telitHost.dir/mnt/LinuxApps/PicoSDK/pico-sdk/src/rp2_common/hardware_timer/timer.c.obj
                0x0000000010002ab4                hardware_alarm_set_target
 .text.hardware_alarm_cancel
                0x0000000010002b9c       0x40 CMakeFiles/telitHost.dir/mnt/LinuxApps/PicoSDK/pico-sdk/src/rp2_common/hardware_timer/timer.c.obj
                0x0000000010002b9c                hardware_alarm_cancel
 .text.lock_init
                0x0000000010002bdc       0x10 CMakeFiles/telitHost.dir/mnt/LinuxApps/PicoSDK/pico-sdk/src/common/pico_sync/lock_core.c.obj
                0x0000000010002bdc                lock_init
 .text.mutex_init
                0x0000000010002bec       0x1a CMakeFiles/telitHost.dir/mnt/LinuxApps/PicoSDK/pico-sdk/src/common/pico_sync/mutex.c.obj
                0x0000000010002bec                mutex_init
 .text.recursive_mutex_init
                0x0000000010002c06       0x1e CMakeFiles/telitHost.dir/mnt/LinuxApps/PicoSDK/pico-sdk/src/common/pico_sync/mutex.c.obj
                0x0000000010002c06                recursive_mutex_init
 .text.critical_section_init_with_lock_num
                0x0000000010002c24       0x14 CMakeFiles/telitHost.dir/mnt/LinuxApps/PicoSDK/pico-sdk/src/common/pico_sync/critical_section.c.obj
                0x0000000010002c24                critical_section_init_with_lock_num
 .text.critical_section_init
                0x0000000010002c38       0x14 CMakeFiles/telitHost.dir/mnt/LinuxApps/PicoSDK/pico-sdk/src/common/pico_sync/critical_section.c.obj
                0x0000000010002c38                critical_section_init
 .text.ph_add_child_node
                0x0000000010002c4c       0xa4 CMakeFiles/telitHost.dir/mnt/LinuxApps/PicoSDK/pico-sdk/src/common/pico_util/pheap.c.obj
 .text.ph_merge_nodes
                0x0000000010002cf0       0x3e CMakeFiles/telitHost.dir/mnt/LinuxApps/PicoSDK/pico-sdk/src/common/pico_util/pheap.c.obj
 *fill*         0x0000000010002d2e        0x2 
 .text.ph_clear
                0x0000000010002d30       0x70 CMakeFiles/telitHost.dir/mnt/LinuxApps/PicoSDK/pico-sdk/src/common/pico_util/pheap.c.obj
                0x0000000010002d30                ph_clear
 .text.ph_post_alloc_init
                0x0000000010002da0        0xe CMakeFiles/telitHost.dir/mnt/LinuxApps/PicoSDK/pico-sdk/src/common/pico_util/pheap.c.obj
                0x0000000010002da0                ph_post_alloc_init
 *fill*         0x0000000010002dae        0x2 
 .text.ph_merge_two_pass
                0x0000000010002db0       0xa8 CMakeFiles/telitHost.dir/mnt/LinuxApps/PicoSDK/pico-sdk/src/common/pico_util/pheap.c.obj
                0x0000000010002db0                ph_merge_two_pass
 .text.ph_remove_any_head
                0x0000000010002e58      0x108 CMakeFiles/telitHost.dir/mnt/LinuxApps/PicoSDK/pico-sdk/src/common/pico_util/pheap.c.obj
 .text.ph_remove_head
                0x0000000010002f60       0x14 CMakeFiles/telitHost.dir/mnt/LinuxApps/PicoSDK/pico-sdk/src/common/pico_util/pheap.c.obj
                0x0000000010002f60                ph_remove_head
 .text.ph_remove_and_free_node
                0x0000000010002f74       0xf8 CMakeFiles/telitHost.dir/mnt/LinuxApps/PicoSDK/pico-sdk/src/common/pico_util/pheap.c.obj
                0x0000000010002f74                ph_remove_and_free_node
 .text._exit    0x000000001000306c        0x4 CMakeFiles/telitHost.dir/mnt/LinuxApps/PicoSDK/pico-sdk/src/rp2_common/pico_runtime/runtime.c.obj
                0x000000001000306c                _exit
 .text._sbrk    0x0000000010003070       0x38 CMakeFiles/telitHost.dir/mnt/LinuxApps/PicoSDK/pico-sdk/src/rp2_common/pico_runtime/runtime.c.obj
                0x0000000010003070                _sbrk
 .text.exit     0x00000000100030a8        0x6 CMakeFiles/telitHost.dir/mnt/LinuxApps/PicoSDK/pico-sdk/src/rp2_common/pico_runtime/runtime.c.obj
                0x00000000100030a8                exit
 *fill*         0x00000000100030ae        0x2 
 .text.__assert_func
                0x00000000100030b0       0x3c CMakeFiles/telitHost.dir/mnt/LinuxApps/PicoSDK/pico-sdk/src/rp2_common/pico_runtime/runtime.c.obj
                0x00000000100030b0                __assert_func
 .text.runtime_init
                0x00000000100030ec       0xf8 CMakeFiles/telitHost.dir/mnt/LinuxApps/PicoSDK/pico-sdk/src/rp2_common/pico_runtime/runtime.c.obj
                0x00000000100030ec                runtime_init
 .text.panic    0x00000000100031e4       0x30 CMakeFiles/telitHost.dir/mnt/LinuxApps/PicoSDK/pico-sdk/src/rp2_common/pico_runtime/runtime.c.obj
                0x00000000100031e4                panic
 .text.clock_configure
                0x0000000010003214      0x104 CMakeFiles/telitHost.dir/mnt/LinuxApps/PicoSDK/pico-sdk/src/rp2_common/hardware_clocks/clocks.c.obj
                0x0000000010003214                clock_configure
 .text.clocks_init
                0x0000000010003318      0x100 CMakeFiles/telitHost.dir/mnt/LinuxApps/PicoSDK/pico-sdk/src/rp2_common/hardware_clocks/clocks.c.obj
                0x0000000010003318                clocks_init
 .text.clock_get_hz
                0x0000000010003418        0xc CMakeFiles/telitHost.dir/mnt/LinuxApps/PicoSDK/pico-sdk/src/rp2_common/hardware_clocks/clocks.c.obj
                0x0000000010003418                clock_get_hz
 .text.set_raw_irq_handler_and_unlock
                0x0000000010003424       0x28 CMakeFiles/telitHost.dir/mnt/LinuxApps/PicoSDK/pico-sdk/src/rp2_common/hardware_irq/irq.c.obj
 .text.make_branch
                0x000000001000344c       0x34 CMakeFiles/telitHost.dir/mnt/LinuxApps/PicoSDK/pico-sdk/src/rp2_common/hardware_irq/irq.c.obj
 .text.insert_branch_and_link
                0x0000000010003480       0x40 CMakeFiles/telitHost.dir/mnt/LinuxApps/PicoSDK/pico-sdk/src/rp2_common/hardware_irq/irq.c.obj
 .text.irq_is_enabled
                0x00000000100034c0       0x18 CMakeFiles/telitHost.dir/mnt/LinuxApps/PicoSDK/pico-sdk/src/rp2_common/hardware_irq/irq.c.obj
                0x00000000100034c0                irq_is_enabled
 .text.irq_set_mask_enabled
                0x00000000100034d8       0x20 CMakeFiles/telitHost.dir/mnt/LinuxApps/PicoSDK/pico-sdk/src/rp2_common/hardware_irq/irq.c.obj
                0x00000000100034d8                irq_set_mask_enabled
 .text.irq_set_enabled
                0x00000000100034f8        0xe CMakeFiles/telitHost.dir/mnt/LinuxApps/PicoSDK/pico-sdk/src/rp2_common/hardware_irq/irq.c.obj
                0x00000000100034f8                irq_set_enabled
 *fill*         0x0000000010003506        0x2 
 .text.irq_set_pending
                0x0000000010003508       0x10 CMakeFiles/telitHost.dir/mnt/LinuxApps/PicoSDK/pico-sdk/src/rp2_common/hardware_irq/irq.c.obj
                0x0000000010003508                irq_set_pending
 .text.irq_get_vtable_handler
                0x0000000010003518       0x10 CMakeFiles/telitHost.dir/mnt/LinuxApps/PicoSDK/pico-sdk/src/rp2_common/hardware_irq/irq.c.obj
                0x0000000010003518                irq_get_vtable_handler
 .text.irq_set_exclusive_handler
                0x0000000010003528       0x54 CMakeFiles/telitHost.dir/mnt/LinuxApps/PicoSDK/pico-sdk/src/rp2_common/hardware_irq/irq.c.obj
                0x0000000010003528                irq_set_exclusive_handler
 .text.irq_remove_handler
                0x000000001000357c      0x1ac CMakeFiles/telitHost.dir/mnt/LinuxApps/PicoSDK/pico-sdk/src/rp2_common/hardware_irq/irq.c.obj
                0x000000001000357c                irq_remove_handler
 .text.irq_add_tail_to_free_list
                0x0000000010003728       0xf0 CMakeFiles/telitHost.dir/mnt/LinuxApps/PicoSDK/pico-sdk/src/rp2_common/hardware_irq/irq.c.obj
                0x0000000010003728                irq_add_tail_to_free_list
 .text.irq_init_priorities
                0x0000000010003818       0x1c CMakeFiles/telitHost.dir/mnt/LinuxApps/PicoSDK/pico-sdk/src/rp2_common/hardware_irq/irq.c.obj
                0x0000000010003818                irq_init_priorities
 .text.pll_init
                0x0000000010003834      0x118 CMakeFiles/telitHost.dir/mnt/LinuxApps/PicoSDK/pico-sdk/src/rp2_common/hardware_pll/pll.c.obj
                0x0000000010003834                pll_init
 .text.watchdog_start_tick
                0x000000001000394c       0x10 CMakeFiles/telitHost.dir/mnt/LinuxApps/PicoSDK/pico-sdk/src/rp2_common/hardware_watchdog/watchdog.c.obj
                0x000000001000394c                watchdog_start_tick
 .text.watchdog_update
                0x000000001000395c       0x14 CMakeFiles/telitHost.dir/mnt/LinuxApps/PicoSDK/pico-sdk/src/rp2_common/hardware_watchdog/watchdog.c.obj
                0x000000001000395c                watchdog_update
 .text._watchdog_enable
                0x0000000010003970       0x78 CMakeFiles/telitHost.dir/mnt/LinuxApps/PicoSDK/pico-sdk/src/rp2_common/hardware_watchdog/watchdog.c.obj
                0x0000000010003970                _watchdog_enable
 .text.watchdog_reboot
                0x00000000100039e8       0x48 CMakeFiles/telitHost.dir/mnt/LinuxApps/PicoSDK/pico-sdk/src/rp2_common/hardware_watchdog/watchdog.c.obj
                0x00000000100039e8                watchdog_reboot
 .text.xosc_init
                0x0000000010003a30       0x28 CMakeFiles/telitHost.dir/mnt/LinuxApps/PicoSDK/pico-sdk/src/rp2_common/hardware_xosc/xosc.c.obj
                0x0000000010003a30                xosc_init
 .text._out_null
                0x0000000010003a58        0x2 CMakeFiles/telitHost.dir/mnt/LinuxApps/PicoSDK/pico-sdk/src/rp2_common/pico_printf/printf.c.obj
 .text._out_fct
                0x0000000010003a5a        0xe CMakeFiles/telitHost.dir/mnt/LinuxApps/PicoSDK/pico-sdk/src/rp2_common/pico_printf/printf.c.obj
 .text._atoi    0x0000000010003a68       0x24 CMakeFiles/telitHost.dir/mnt/LinuxApps/PicoSDK/pico-sdk/src/rp2_common/pico_printf/printf.c.obj
 .text._out_rev
                0x0000000010003a8c       0xae CMakeFiles/telitHost.dir/mnt/LinuxApps/PicoSDK/pico-sdk/src/rp2_common/pico_printf/printf.c.obj
 .text._ntoa_format
                0x0000000010003b3a      0x112 CMakeFiles/telitHost.dir/mnt/LinuxApps/PicoSDK/pico-sdk/src/rp2_common/pico_printf/printf.c.obj
 .text._ntoa_long
                0x0000000010003c4c       0xbc CMakeFiles/telitHost.dir/mnt/LinuxApps/PicoSDK/pico-sdk/src/rp2_common/pico_printf/printf.c.obj
 .text._ntoa_long_long
                0x0000000010003d08       0xe2 CMakeFiles/telitHost.dir/mnt/LinuxApps/PicoSDK/pico-sdk/src/rp2_common/pico_printf/printf.c.obj
 *fill*         0x0000000010003dea        0x2 
 .text._etoa    0x0000000010003dec      0x414 CMakeFiles/telitHost.dir/mnt/LinuxApps/PicoSDK/pico-sdk/src/rp2_common/pico_printf/printf.c.obj
 .text._ftoa    0x0000000010004200      0x354 CMakeFiles/telitHost.dir/mnt/LinuxApps/PicoSDK/pico-sdk/src/rp2_common/pico_printf/printf.c.obj
 .text._vsnprintf
                0x0000000010004554      0x624 CMakeFiles/telitHost.dir/mnt/LinuxApps/PicoSDK/pico-sdk/src/rp2_common/pico_printf/printf.c.obj
 .text.vfctprintf
                0x0000000010004b78       0x20 CMakeFiles/telitHost.dir/mnt/LinuxApps/PicoSDK/pico-sdk/src/rp2_common/pico_printf/printf.c.obj
                0x0000000010004b78                vfctprintf
 .text          0x0000000010004b98       0x10 CMakeFiles/telitHost.dir/mnt/LinuxApps/PicoSDK/pico-sdk/src/rp2_common/pico_bit_ops/bit_ops_aeabi.S.obj
 .text.rom_func_lookup
                0x0000000010004ba8       0x10 CMakeFiles/telitHost.dir/mnt/LinuxApps/PicoSDK/pico-sdk/src/rp2_common/pico_bootrom/bootrom.c.obj
                0x0000000010004ba8                rom_func_lookup
 .text.rom_data_lookup
                0x0000000010004bb8       0x10 CMakeFiles/telitHost.dir/mnt/LinuxApps/PicoSDK/pico-sdk/src/rp2_common/pico_bootrom/bootrom.c.obj
                0x0000000010004bb8                rom_data_lookup
 .text.rom_funcs_lookup
                0x0000000010004bc8       0x36 CMakeFiles/telitHost.dir/mnt/LinuxApps/PicoSDK/pico-sdk/src/rp2_common/pico_bootrom/bootrom.c.obj
                0x0000000010004bc8                rom_funcs_lookup
 *fill*         0x0000000010004bfe        0x2 
 .text.__wrap___aeabi_idiv
                0x0000000010004c00       0x50 CMakeFiles/telitHost.dir/mnt/LinuxApps/PicoSDK/pico-sdk/src/rp2_common/pico_divider/divider.S.obj
                0x0000000010004c00                __wrap___aeabi_idivmod
                0x0000000010004c00                divmod_s32s32
                0x0000000010004c00                div_s32s32
                0x0000000010004c00                __wrap___aeabi_idiv
                0x0000000010004c08                divmod_s32s32_unsafe
                0x0000000010004c34                divmod_s32s32_savestate
 .text.__wrap___aeabi_uidiv
                0x0000000010004c50       0x4c CMakeFiles/telitHost.dir/mnt/LinuxApps/PicoSDK/pico-sdk/src/rp2_common/pico_divider/divider.S.obj
                0x0000000010004c50                __wrap___aeabi_uidiv
                0x0000000010004c50                __wrap___aeabi_uidivmod
                0x0000000010004c50                div_u32u32
                0x0000000010004c50                divmod_u32u32
                0x0000000010004c58                divmod_u32u32_unsafe
                0x0000000010004c80                divmod_u32u32_savestate
 .text.__wrap___aeabi_ldiv
                0x0000000010004c9c      0x434 CMakeFiles/telitHost.dir/mnt/LinuxApps/PicoSDK/pico-sdk/src/rp2_common/pico_divider/divider.S.obj
                0x0000000010004c9c                div_s64s64
                0x0000000010004c9c                divmod_s64s64
                0x0000000010004c9c                __wrap___aeabi_ldivmod
                0x0000000010004cd4                div_u64u64
                0x0000000010004cd4                divmod_u64u64
                0x0000000010004cd4                __wrap___aeabi_uldivmod
                0x0000000010004ce4                divmod_u64u64_savestate
                0x0000000010004d0c                divmod_s64s64_unsafe
                0x0000000010004d94                divmod_u64u64_unsafe
 .text.__wrap___aeabi_darithmetic
                0x00000000100050d0       0x80 CMakeFiles/telitHost.dir/mnt/LinuxApps/PicoSDK/pico-sdk/src/rp2_common/pico_double/double_aeabi.S.obj
                0x00000000100050d0                __wrap___aeabi_drsub
                0x00000000100050d6                __wrap___aeabi_dsub
                0x00000000100050e8                __wrap___aeabi_dadd
                0x00000000100050fa                __wrap___aeabi_ddiv
                0x0000000010005136                __wrap___aeabi_dmul
 .text.__wrap___aeabi_cdcmple
                0x0000000010005150       0x6c CMakeFiles/telitHost.dir/mnt/LinuxApps/PicoSDK/pico-sdk/src/rp2_common/pico_double/double_aeabi.S.obj
                0x0000000010005150                __wrap___aeabi_cdrcmple
                0x0000000010005160                __wrap___aeabi_cdcmple
                0x0000000010005160                __wrap___aeabi_cdcmpeq
 .text.__wrap___aeabi_dcmplt
                0x00000000100051bc        0xc CMakeFiles/telitHost.dir/mnt/LinuxApps/PicoSDK/pico-sdk/src/rp2_common/pico_double/double_aeabi.S.obj
                0x00000000100051bc                __wrap___aeabi_dcmplt
 .text.__wrap___aeabi_dcmple
                0x00000000100051c8       0x10 CMakeFiles/telitHost.dir/mnt/LinuxApps/PicoSDK/pico-sdk/src/rp2_common/pico_double/double_aeabi.S.obj
                0x00000000100051c8                __wrap___aeabi_dcmple
 .text.__wrap___aeabi_dcmpge
                0x00000000100051d8       0x10 CMakeFiles/telitHost.dir/mnt/LinuxApps/PicoSDK/pico-sdk/src/rp2_common/pico_double/double_aeabi.S.obj
                0x00000000100051d8                __wrap___aeabi_dcmpge
 .text.__wrap___aeabi_dcmpgt
                0x00000000100051e8        0xa CMakeFiles/telitHost.dir/mnt/LinuxApps/PicoSDK/pico-sdk/src/rp2_common/pico_double/double_aeabi.S.obj
                0x00000000100051e8                __wrap___aeabi_dcmpgt
 .text.__wrap___aeabi_dcmpun
                0x00000000100051f2       0x1c CMakeFiles/telitHost.dir/mnt/LinuxApps/PicoSDK/pico-sdk/src/rp2_common/pico_double/double_aeabi.S.obj
                0x00000000100051f2                __wrap___aeabi_dcmpun
 *fill*         0x000000001000520e        0x2 
 .text.__wrap___aeabi_i2d
                0x0000000010005210       0x38 CMakeFiles/telitHost.dir/mnt/LinuxApps/PicoSDK/pico-sdk/src/rp2_common/pico_double/double_aeabi.S.obj
                0x0000000010005210                __wrap___aeabi_ui2d
                0x0000000010005218                __wrap___aeabi_i2d
 .text.__wrap___aeabi_d2iz
                0x0000000010005248       0x48 CMakeFiles/telitHost.dir/mnt/LinuxApps/PicoSDK/pico-sdk/src/rp2_common/pico_double/double_aeabi.S.obj
                0x0000000010005248                __wrap___aeabi_d2iz
                0x0000000010005248                double2int_z
 .text.__wrap___aeabi_d2uiz
                0x0000000010005290       0x18 CMakeFiles/telitHost.dir/mnt/LinuxApps/PicoSDK/pico-sdk/src/rp2_common/pico_double/double_aeabi.S.obj
                0x0000000010005290                double2uint
                0x0000000010005290                __wrap___aeabi_d2uiz
 .text.__aeabi_double_init
                0x00000000100052a8       0xc8 CMakeFiles/telitHost.dir/mnt/LinuxApps/PicoSDK/pico-sdk/src/rp2_common/pico_double/double_init_rom.c.obj
                0x00000000100052a8                __aeabi_double_init
 .text.double_table_shim_on_use_helper
                0x0000000010005370       0x34 CMakeFiles/telitHost.dir/mnt/LinuxApps/PicoSDK/pico-sdk/src/rp2_common/pico_double/double_v1_rom_shim.S.obj
                0x0000000010005370                double_table_shim_on_use_helper
 .text.__wrap___aeabi_dsub
                0x00000000100053a4       0x10 CMakeFiles/telitHost.dir/mnt/LinuxApps/PicoSDK/pico-sdk/src/rp2_common/pico_double/double_v1_rom_shim.S.obj
                0x00000000100053a4                drsub_shim
                0x00000000100053aa                dsub_shim
 .text.dadd_shim
                0x00000000100053b4      0x15c CMakeFiles/telitHost.dir/mnt/LinuxApps/PicoSDK/pico-sdk/src/rp2_common/pico_double/double_v1_rom_shim.S.obj
                0x00000000100053b4                dadd_shim
 .text.dmul_shim
                0x0000000010005510      0x15c CMakeFiles/telitHost.dir/mnt/LinuxApps/PicoSDK/pico-sdk/src/rp2_common/pico_double/double_v1_rom_shim.S.obj
                0x0000000010005510                dmul_shim
 .text.ddiv_shim
                0x000000001000566c      0x1b0 CMakeFiles/telitHost.dir/mnt/LinuxApps/PicoSDK/pico-sdk/src/rp2_common/pico_double/double_v1_rom_shim.S.obj
                0x000000001000566c                ddiv_shim
 .text.double2uint_shim
                0x000000001000581c        0xe CMakeFiles/telitHost.dir/mnt/LinuxApps/PicoSDK/pico-sdk/src/rp2_common/pico_double/double_v1_rom_shim.S.obj
                0x000000001000581c                double2uint_shim
                0x000000001000581e                double2ufix_shim
 *fill*         0x000000001000582a        0x2 
 .text.double2uint64_shim
                0x000000001000582c       0x70 CMakeFiles/telitHost.dir/mnt/LinuxApps/PicoSDK/pico-sdk/src/rp2_common/pico_double/double_v1_rom_shim.S.obj
                0x000000001000582c                double2uint64_shim
                0x000000001000582e                double2ufix64_shim
                0x000000001000584e                d2fix_a
 .text.dunpacks
                0x000000001000589c       0x3c CMakeFiles/telitHost.dir/mnt/LinuxApps/PicoSDK/pico-sdk/src/rp2_common/pico_double/double_v1_rom_shim.S.obj
                0x000000001000589c                dunpacks
 .text.__aeabi_lmul
                0x00000000100058d8       0x32 CMakeFiles/telitHost.dir/mnt/LinuxApps/PicoSDK/pico-sdk/src/rp2_common/pico_int64_ops/pico_int64_ops_aeabi.S.obj
                0x00000000100058d8                __wrap___aeabi_lmul
 *fill*         0x000000001000590a        0x2 
 .text.__aeabi_float_init
                0x000000001000590c       0xfc CMakeFiles/telitHost.dir/mnt/LinuxApps/PicoSDK/pico-sdk/src/rp2_common/pico_float/float_init_rom.c.obj
                0x000000001000590c                __aeabi_float_init
 .text.float_table_shim_on_use_helper
                0x0000000010005a08       0x34 CMakeFiles/telitHost.dir/mnt/LinuxApps/PicoSDK/pico-sdk/src/rp2_common/pico_float/float_v1_rom_shim.S.obj
                0x0000000010005a08                float_table_shim_on_use_helper
 .text.__wrap_malloc
                0x0000000010005a3c       0x24 CMakeFiles/telitHost.dir/mnt/LinuxApps/PicoSDK/pico-sdk/src/rp2_common/pico_malloc/pico_malloc.c.obj
                0x0000000010005a3c                __wrap_malloc
 .text.__wrap_free
                0x0000000010005a60        0x8 CMakeFiles/telitHost.dir/mnt/LinuxApps/PicoSDK/pico-sdk/src/rp2_common/pico_malloc/pico_malloc.c.obj
                0x0000000010005a60                __wrap_free
 .text          0x0000000010005a68       0x10 CMakeFiles/telitHost.dir/mnt/LinuxApps/PicoSDK/pico-sdk/src/rp2_common/pico_mem_ops/mem_ops_aeabi.S.obj
                0x0000000010005a68                __aeabi_mem_init
 .text.memset   0x0000000010005a78        0xc CMakeFiles/telitHost.dir/mnt/LinuxApps/PicoSDK/pico-sdk/src/rp2_common/pico_mem_ops/mem_ops_aeabi.S.obj
                0x0000000010005a78                __wrap_memset
 .text.memcpy   0x0000000010005a84        0xc CMakeFiles/telitHost.dir/mnt/LinuxApps/PicoSDK/pico-sdk/src/rp2_common/pico_mem_ops/mem_ops_aeabi.S.obj
                0x0000000010005a84                __wrap___aeabi_memcpy
                0x0000000010005a84                __wrap_memcpy
 .text.stdio_out_chars_no_crlf
                0x0000000010005a90        0xe CMakeFiles/telitHost.dir/mnt/LinuxApps/PicoSDK/pico-sdk/src/rp2_common/pico_stdio/stdio.c.obj
 *fill*         0x0000000010005a9e        0x2 
 .text.stdio_out_chars_crlf
                0x0000000010005aa0       0x80 CMakeFiles/telitHost.dir/mnt/LinuxApps/PicoSDK/pico-sdk/src/rp2_common/pico_stdio/stdio.c.obj
 .text.stdio_stack_buffer_flush
                0x0000000010005b20       0x44 CMakeFiles/telitHost.dir/mnt/LinuxApps/PicoSDK/pico-sdk/src/rp2_common/pico_stdio/stdio.c.obj
 .text.stdio_buffered_printer
                0x0000000010005b64       0x20 CMakeFiles/telitHost.dir/mnt/LinuxApps/PicoSDK/pico-sdk/src/rp2_common/pico_stdio/stdio.c.obj
 .text.stdio_get_until
                0x0000000010005b84       0x80 CMakeFiles/telitHost.dir/mnt/LinuxApps/PicoSDK/pico-sdk/src/rp2_common/pico_stdio/stdio.c.obj
 .text.stdout_serialize_begin
                0x0000000010005c04       0x30 CMakeFiles/telitHost.dir/mnt/LinuxApps/PicoSDK/pico-sdk/src/rp2_common/pico_stdio/stdio.c.obj
                0x0000000010005c04                stdout_serialize_begin
 .text.stdout_serialize_end
                0x0000000010005c34       0x10 CMakeFiles/telitHost.dir/mnt/LinuxApps/PicoSDK/pico-sdk/src/rp2_common/pico_stdio/stdio.c.obj
                0x0000000010005c34                stdout_serialize_end
 .text.stdio_put_string
                0x0000000010005c44       0x98 CMakeFiles/telitHost.dir/mnt/LinuxApps/PicoSDK/pico-sdk/src/rp2_common/pico_stdio/stdio.c.obj
 .text.stdio_set_driver_enabled
                0x0000000010005cdc       0x38 CMakeFiles/telitHost.dir/mnt/LinuxApps/PicoSDK/pico-sdk/src/rp2_common/pico_stdio/stdio.c.obj
                0x0000000010005cdc                stdio_set_driver_enabled
 .text.stdio_flush
                0x0000000010005d14       0x20 CMakeFiles/telitHost.dir/mnt/LinuxApps/PicoSDK/pico-sdk/src/rp2_common/pico_stdio/stdio.c.obj
                0x0000000010005d14                stdio_flush
 .text.__wrap_puts
                0x0000000010005d34       0x1e CMakeFiles/telitHost.dir/mnt/LinuxApps/PicoSDK/pico-sdk/src/rp2_common/pico_stdio/stdio.c.obj
                0x0000000010005d34                __wrap_puts
 *fill*         0x0000000010005d52        0x2 
 .text.__wrap_vprintf
                0x0000000010005d54       0x44 CMakeFiles/telitHost.dir/mnt/LinuxApps/PicoSDK/pico-sdk/src/rp2_common/pico_stdio/stdio.c.obj
                0x0000000010005d54                __wrap_vprintf
 .text.__wrap_printf
                0x0000000010005d98       0x18 CMakeFiles/telitHost.dir/mnt/LinuxApps/PicoSDK/pico-sdk/src/rp2_common/pico_stdio/stdio.c.obj
                0x0000000010005d98                __wrap_printf
 .text.stdio_init_all
                0x0000000010005db0        0x8 CMakeFiles/telitHost.dir/mnt/LinuxApps/PicoSDK/pico-sdk/src/rp2_common/pico_stdio/stdio.c.obj
                0x0000000010005db0                stdio_init_all
 .text.getchar_timeout_us
                0x0000000010005db8       0x80 CMakeFiles/telitHost.dir/mnt/LinuxApps/PicoSDK/pico-sdk/src/rp2_common/pico_stdio/stdio.c.obj
                0x0000000010005db8                getchar_timeout_us
 .text.resetd_init
                0x0000000010005e38        0x2 CMakeFiles/telitHost.dir/mnt/LinuxApps/PicoSDK/pico-sdk/src/rp2_common/pico_stdio_usb/reset_interface.c.obj
 *fill*         0x0000000010005e3a        0x2 
 .text.resetd_reset
                0x0000000010005e3c        0xc CMakeFiles/telitHost.dir/mnt/LinuxApps/PicoSDK/pico-sdk/src/rp2_common/pico_stdio_usb/reset_interface.c.obj
 .text.resetd_open
                0x0000000010005e48       0x34 CMakeFiles/telitHost.dir/mnt/LinuxApps/PicoSDK/pico-sdk/src/rp2_common/pico_stdio_usb/reset_interface.c.obj
 .text.resetd_xfer_cb
                0x0000000010005e7c        0x4 CMakeFiles/telitHost.dir/mnt/LinuxApps/PicoSDK/pico-sdk/src/rp2_common/pico_stdio_usb/reset_interface.c.obj
 .text.reset_usb_boot
                0x0000000010005e80       0x18 CMakeFiles/telitHost.dir/mnt/LinuxApps/PicoSDK/pico-sdk/src/rp2_common/pico_stdio_usb/reset_interface.c.obj
 .text.resetd_control_xfer_cb
                0x0000000010005e98       0x5c CMakeFiles/telitHost.dir/mnt/LinuxApps/PicoSDK/pico-sdk/src/rp2_common/pico_stdio_usb/reset_interface.c.obj
 .text.usbd_app_driver_get_cb
                0x0000000010005ef4        0xc CMakeFiles/telitHost.dir/mnt/LinuxApps/PicoSDK/pico-sdk/src/rp2_common/pico_stdio_usb/reset_interface.c.obj
                0x0000000010005ef4                usbd_app_driver_get_cb
 .text.tud_cdc_line_coding_cb
                0x0000000010005f00       0x28 CMakeFiles/telitHost.dir/mnt/LinuxApps/PicoSDK/pico-sdk/src/rp2_common/pico_stdio_usb/reset_interface.c.obj
                0x0000000010005f00                tud_cdc_line_coding_cb
 .text.stdio_usb_in_chars
                0x0000000010005f28       0x70 CMakeFiles/telitHost.dir/mnt/LinuxApps/PicoSDK/pico-sdk/src/rp2_common/pico_stdio_usb/stdio_usb.c.obj
                0x0000000010005f28                stdio_usb_in_chars
 .text.low_priority_worker_irq
                0x0000000010005f98       0x20 CMakeFiles/telitHost.dir/mnt/LinuxApps/PicoSDK/pico-sdk/src/rp2_common/pico_stdio_usb/stdio_usb.c.obj
 .text.stdio_usb_out_chars
                0x0000000010005fb8       0xd4 CMakeFiles/telitHost.dir/mnt/LinuxApps/PicoSDK/pico-sdk/src/rp2_common/pico_stdio_usb/stdio_usb.c.obj
 .text.timer_task
                0x000000001000608c       0x10 CMakeFiles/telitHost.dir/mnt/LinuxApps/PicoSDK/pico-sdk/src/rp2_common/pico_stdio_usb/stdio_usb.c.obj
 .text.stdio_usb_init
                0x000000001000609c       0xb8 CMakeFiles/telitHost.dir/mnt/LinuxApps/PicoSDK/pico-sdk/src/rp2_common/pico_stdio_usb/stdio_usb.c.obj
                0x000000001000609c                stdio_usb_init
 .text.tud_descriptor_device_cb
                0x0000000010006154        0x8 CMakeFiles/telitHost.dir/mnt/LinuxApps/PicoSDK/pico-sdk/src/rp2_common/pico_stdio_usb/stdio_usb_descriptors.c.obj
                0x0000000010006154                tud_descriptor_device_cb
 .text.tud_descriptor_configuration_cb
                0x000000001000615c        0x8 CMakeFiles/telitHost.dir/mnt/LinuxApps/PicoSDK/pico-sdk/src/rp2_common/pico_stdio_usb/stdio_usb_descriptors.c.obj
                0x000000001000615c                tud_descriptor_configuration_cb
 .text.tud_descriptor_string_cb
                0x0000000010006164       0x6c CMakeFiles/telitHost.dir/mnt/LinuxApps/PicoSDK/pico-sdk/src/rp2_common/pico_stdio_usb/stdio_usb_descriptors.c.obj
                0x0000000010006164                tud_descriptor_string_cb
 .text.hw_endpoint_get_by_addr
                0x00000000100061d0       0x18 CMakeFiles/telitHost.dir/mnt/LinuxApps/PicoSDK/pico-sdk/lib/tinyusb/src/portable/raspberrypi/rp2040/dcd_rp2040.c.obj
 .text.reset_ep0_pid
                0x00000000100061e8       0x28 CMakeFiles/telitHost.dir/mnt/LinuxApps/PicoSDK/pico-sdk/lib/tinyusb/src/portable/raspberrypi/rp2040/dcd_rp2040.c.obj
 .text._hw_endpoint_alloc
                0x0000000010006210       0x70 CMakeFiles/telitHost.dir/mnt/LinuxApps/PicoSDK/pico-sdk/lib/tinyusb/src/portable/raspberrypi/rp2040/dcd_rp2040.c.obj
 .text.hw_endpoint_init
                0x0000000010006280       0x88 CMakeFiles/telitHost.dir/mnt/LinuxApps/PicoSDK/pico-sdk/lib/tinyusb/src/portable/raspberrypi/rp2040/dcd_rp2040.c.obj
 .text.reset_non_control_endpoints
                0x0000000010006308       0x40 CMakeFiles/telitHost.dir/mnt/LinuxApps/PicoSDK/pico-sdk/lib/tinyusb/src/portable/raspberrypi/rp2040/dcd_rp2040.c.obj
 .text.hw_handle_buff_status
                0x0000000010006348       0x8c CMakeFiles/telitHost.dir/mnt/LinuxApps/PicoSDK/pico-sdk/lib/tinyusb/src/portable/raspberrypi/rp2040/dcd_rp2040.c.obj
 .text.dcd_rp2040_irq
                0x00000000100063d4       0xc0 CMakeFiles/telitHost.dir/mnt/LinuxApps/PicoSDK/pico-sdk/lib/tinyusb/src/portable/raspberrypi/rp2040/dcd_rp2040.c.obj
 .text.hw_endpoint_xfer
                0x0000000010006494       0x14 CMakeFiles/telitHost.dir/mnt/LinuxApps/PicoSDK/pico-sdk/lib/tinyusb/src/portable/raspberrypi/rp2040/dcd_rp2040.c.obj
 .text.dcd_int_enable
                0x00000000100064a8       0x2c CMakeFiles/telitHost.dir/mnt/LinuxApps/PicoSDK/pico-sdk/lib/tinyusb/src/portable/raspberrypi/rp2040/dcd_rp2040.c.obj
                0x00000000100064a8                dcd_int_enable
 .text.dcd_set_address
                0x00000000100064d4       0x2c CMakeFiles/telitHost.dir/mnt/LinuxApps/PicoSDK/pico-sdk/lib/tinyusb/src/portable/raspberrypi/rp2040/dcd_rp2040.c.obj
                0x00000000100064d4                dcd_set_address
 .text.dcd_connect
                0x0000000010006500       0x10 CMakeFiles/telitHost.dir/mnt/LinuxApps/PicoSDK/pico-sdk/lib/tinyusb/src/portable/raspberrypi/rp2040/dcd_rp2040.c.obj
                0x0000000010006500                dcd_connect
 .text.dcd_init
                0x0000000010006510       0x7c CMakeFiles/telitHost.dir/mnt/LinuxApps/PicoSDK/pico-sdk/lib/tinyusb/src/portable/raspberrypi/rp2040/dcd_rp2040.c.obj
                0x0000000010006510                dcd_init
 .text.dcd_edpt0_status_complete
                0x000000001000658c       0x1c CMakeFiles/telitHost.dir/mnt/LinuxApps/PicoSDK/pico-sdk/lib/tinyusb/src/portable/raspberrypi/rp2040/dcd_rp2040.c.obj
                0x000000001000658c                dcd_edpt0_status_complete
 .text.dcd_edpt_open
                0x00000000100065a8       0x40 CMakeFiles/telitHost.dir/mnt/LinuxApps/PicoSDK/pico-sdk/lib/tinyusb/src/portable/raspberrypi/rp2040/dcd_rp2040.c.obj
                0x00000000100065a8                dcd_edpt_open
 .text.dcd_edpt_close_all
                0x00000000100065e8        0x8 CMakeFiles/telitHost.dir/mnt/LinuxApps/PicoSDK/pico-sdk/lib/tinyusb/src/portable/raspberrypi/rp2040/dcd_rp2040.c.obj
                0x00000000100065e8                dcd_edpt_close_all
 .text.dcd_edpt_xfer
                0x00000000100065f0       0x30 CMakeFiles/telitHost.dir/mnt/LinuxApps/PicoSDK/pico-sdk/lib/tinyusb/src/portable/raspberrypi/rp2040/dcd_rp2040.c.obj
                0x00000000100065f0                dcd_edpt_xfer
 .text.dcd_edpt_stall
                0x0000000010006620       0x2c CMakeFiles/telitHost.dir/mnt/LinuxApps/PicoSDK/pico-sdk/lib/tinyusb/src/portable/raspberrypi/rp2040/dcd_rp2040.c.obj
                0x0000000010006620                dcd_edpt_stall
 .text.dcd_edpt_clear_stall
                0x000000001000664c       0x20 CMakeFiles/telitHost.dir/mnt/LinuxApps/PicoSDK/pico-sdk/lib/tinyusb/src/portable/raspberrypi/rp2040/dcd_rp2040.c.obj
                0x000000001000664c                dcd_edpt_clear_stall
 .text.prepare_ep_buffer
                0x000000001000666c       0x70 CMakeFiles/telitHost.dir/mnt/LinuxApps/PicoSDK/pico-sdk/lib/tinyusb/src/portable/raspberrypi/rp2040/rp2040_usb.c.obj
 .text.sync_ep_buffer
                0x00000000100066dc       0x7c CMakeFiles/telitHost.dir/mnt/LinuxApps/PicoSDK/pico-sdk/lib/tinyusb/src/portable/raspberrypi/rp2040/rp2040_usb.c.obj
 .text._hw_endpoint_xfer_sync
                0x0000000010006758       0x28 CMakeFiles/telitHost.dir/mnt/LinuxApps/PicoSDK/pico-sdk/lib/tinyusb/src/portable/raspberrypi/rp2040/rp2040_usb.c.obj
 .text.rp2040_usb_init
                0x0000000010006780       0x4c CMakeFiles/telitHost.dir/mnt/LinuxApps/PicoSDK/pico-sdk/lib/tinyusb/src/portable/raspberrypi/rp2040/rp2040_usb.c.obj
                0x0000000010006780                rp2040_usb_init
 .text.hw_endpoint_reset_transfer
                0x00000000100067cc        0xc CMakeFiles/telitHost.dir/mnt/LinuxApps/PicoSDK/pico-sdk/lib/tinyusb/src/portable/raspberrypi/rp2040/rp2040_usb.c.obj
                0x00000000100067cc                hw_endpoint_reset_transfer
 .text._hw_endpoint_buffer_control_update32
                0x00000000100067d8       0x58 CMakeFiles/telitHost.dir/mnt/LinuxApps/PicoSDK/pico-sdk/lib/tinyusb/src/portable/raspberrypi/rp2040/rp2040_usb.c.obj
                0x00000000100067d8                _hw_endpoint_buffer_control_update32
 .text._hw_endpoint_start_next_buffer
                0x0000000010006830       0x74 CMakeFiles/telitHost.dir/mnt/LinuxApps/PicoSDK/pico-sdk/lib/tinyusb/src/portable/raspberrypi/rp2040/rp2040_usb.c.obj
 .text.hw_endpoint_xfer_start
                0x00000000100068a4       0x48 CMakeFiles/telitHost.dir/mnt/LinuxApps/PicoSDK/pico-sdk/lib/tinyusb/src/portable/raspberrypi/rp2040/rp2040_usb.c.obj
                0x00000000100068a4                hw_endpoint_xfer_start
 .text.hw_endpoint_xfer_continue
                0x00000000100068ec       0x38 CMakeFiles/telitHost.dir/mnt/LinuxApps/PicoSDK/pico-sdk/lib/tinyusb/src/portable/raspberrypi/rp2040/rp2040_usb.c.obj
                0x00000000100068ec                hw_endpoint_xfer_continue
 .text.configuration_reset
                0x0000000010006924       0x84 CMakeFiles/telitHost.dir/mnt/LinuxApps/PicoSDK/pico-sdk/lib/tinyusb/src/device/usbd.c.obj
 .text.usbd_reset
                0x00000000100069a8        0xc CMakeFiles/telitHost.dir/mnt/LinuxApps/PicoSDK/pico-sdk/lib/tinyusb/src/device/usbd.c.obj
 .text.invoke_class_control
                0x00000000100069b4       0x1a CMakeFiles/telitHost.dir/mnt/LinuxApps/PicoSDK/pico-sdk/lib/tinyusb/src/device/usbd.c.obj
 *fill*         0x00000000100069ce        0x2 
 .text.process_set_config
                0x00000000100069d0      0x1b0 CMakeFiles/telitHost.dir/mnt/LinuxApps/PicoSDK/pico-sdk/lib/tinyusb/src/device/usbd.c.obj
 .text.process_get_descriptor
                0x0000000010006b80       0xec CMakeFiles/telitHost.dir/mnt/LinuxApps/PicoSDK/pico-sdk/lib/tinyusb/src/device/usbd.c.obj
 .text.tud_mounted
                0x0000000010006c6c       0x10 CMakeFiles/telitHost.dir/mnt/LinuxApps/PicoSDK/pico-sdk/lib/tinyusb/src/device/usbd.c.obj
                0x0000000010006c6c                tud_mounted
 .text.tud_suspended
                0x0000000010006c7c       0x10 CMakeFiles/telitHost.dir/mnt/LinuxApps/PicoSDK/pico-sdk/lib/tinyusb/src/device/usbd.c.obj
                0x0000000010006c7c                tud_suspended
 .text.tud_inited
                0x0000000010006c8c        0xc CMakeFiles/telitHost.dir/mnt/LinuxApps/PicoSDK/pico-sdk/lib/tinyusb/src/device/usbd.c.obj
                0x0000000010006c8c                tud_inited
 .text.tud_init
                0x0000000010006c98       0xcc CMakeFiles/telitHost.dir/mnt/LinuxApps/PicoSDK/pico-sdk/lib/tinyusb/src/device/usbd.c.obj
                0x0000000010006c98                tud_init
 .text.dcd_event_handler
                0x0000000010006d64      0x1e0 CMakeFiles/telitHost.dir/mnt/LinuxApps/PicoSDK/pico-sdk/lib/tinyusb/src/device/usbd.c.obj
                0x0000000010006d64                dcd_event_handler
 .text.dcd_event_bus_signal
                0x0000000010006f44       0x26 CMakeFiles/telitHost.dir/mnt/LinuxApps/PicoSDK/pico-sdk/lib/tinyusb/src/device/usbd.c.obj
                0x0000000010006f44                dcd_event_bus_signal
 .text.dcd_event_bus_reset
                0x0000000010006f6a       0x2a CMakeFiles/telitHost.dir/mnt/LinuxApps/PicoSDK/pico-sdk/lib/tinyusb/src/device/usbd.c.obj
                0x0000000010006f6a                dcd_event_bus_reset
 .text.dcd_event_setup_received
                0x0000000010006f94       0x34 CMakeFiles/telitHost.dir/mnt/LinuxApps/PicoSDK/pico-sdk/lib/tinyusb/src/device/usbd.c.obj
                0x0000000010006f94                dcd_event_setup_received
 .text.dcd_event_xfer_complete
                0x0000000010006fc8       0x44 CMakeFiles/telitHost.dir/mnt/LinuxApps/PicoSDK/pico-sdk/lib/tinyusb/src/device/usbd.c.obj
                0x0000000010006fc8                dcd_event_xfer_complete
 .text.usbd_edpt_open
                0x000000001000700c       0x58 CMakeFiles/telitHost.dir/mnt/LinuxApps/PicoSDK/pico-sdk/lib/tinyusb/src/device/usbd.c.obj
                0x000000001000700c                usbd_edpt_open
 .text.usbd_open_edpt_pair
                0x0000000010007064       0x8c CMakeFiles/telitHost.dir/mnt/LinuxApps/PicoSDK/pico-sdk/lib/tinyusb/src/device/usbd.c.obj
                0x0000000010007064                usbd_open_edpt_pair
 .text.usbd_edpt_claim
                0x00000000100070f0       0x8c CMakeFiles/telitHost.dir/mnt/LinuxApps/PicoSDK/pico-sdk/lib/tinyusb/src/device/usbd.c.obj
                0x00000000100070f0                usbd_edpt_claim
 .text.usbd_edpt_release
                0x000000001000717c       0x68 CMakeFiles/telitHost.dir/mnt/LinuxApps/PicoSDK/pico-sdk/lib/tinyusb/src/device/usbd.c.obj
                0x000000001000717c                usbd_edpt_release
 .text.usbd_edpt_xfer
                0x00000000100071e4       0x80 CMakeFiles/telitHost.dir/mnt/LinuxApps/PicoSDK/pico-sdk/lib/tinyusb/src/device/usbd.c.obj
                0x00000000100071e4                usbd_edpt_xfer
 .text.usbd_edpt_stall
                0x0000000010007264       0x40 CMakeFiles/telitHost.dir/mnt/LinuxApps/PicoSDK/pico-sdk/lib/tinyusb/src/device/usbd.c.obj
                0x0000000010007264                usbd_edpt_stall
 .text.usbd_edpt_clear_stall
                0x00000000100072a4       0x40 CMakeFiles/telitHost.dir/mnt/LinuxApps/PicoSDK/pico-sdk/lib/tinyusb/src/device/usbd.c.obj
                0x00000000100072a4                usbd_edpt_clear_stall
 .text.usbd_edpt_stalled
                0x00000000100072e4       0x1c CMakeFiles/telitHost.dir/mnt/LinuxApps/PicoSDK/pico-sdk/lib/tinyusb/src/device/usbd.c.obj
                0x00000000100072e4                usbd_edpt_stalled
 .text.process_control_request
                0x0000000010007300      0x3b8 CMakeFiles/telitHost.dir/mnt/LinuxApps/PicoSDK/pico-sdk/lib/tinyusb/src/device/usbd.c.obj
 .text.tud_task
                0x00000000100076b8      0x218 CMakeFiles/telitHost.dir/mnt/LinuxApps/PicoSDK/pico-sdk/lib/tinyusb/src/device/usbd.c.obj
                0x00000000100076b8                tud_task
 .text._data_stage_xact
                0x00000000100078d0       0x58 CMakeFiles/telitHost.dir/mnt/LinuxApps/PicoSDK/pico-sdk/lib/tinyusb/src/device/usbd_control.c.obj
 .text.tud_control_status
                0x0000000010007928       0x38 CMakeFiles/telitHost.dir/mnt/LinuxApps/PicoSDK/pico-sdk/lib/tinyusb/src/device/usbd_control.c.obj
                0x0000000010007928                tud_control_status
 .text.tud_control_xfer
                0x0000000010007960       0xa8 CMakeFiles/telitHost.dir/mnt/LinuxApps/PicoSDK/pico-sdk/lib/tinyusb/src/device/usbd_control.c.obj
                0x0000000010007960                tud_control_xfer
 .text.usbd_control_reset
                0x0000000010007a08       0x14 CMakeFiles/telitHost.dir/mnt/LinuxApps/PicoSDK/pico-sdk/lib/tinyusb/src/device/usbd_control.c.obj
                0x0000000010007a08                usbd_control_reset
 .text.usbd_control_set_complete_callback
                0x0000000010007a1c        0xc CMakeFiles/telitHost.dir/mnt/LinuxApps/PicoSDK/pico-sdk/lib/tinyusb/src/device/usbd_control.c.obj
                0x0000000010007a1c                usbd_control_set_complete_callback
 .text.usbd_control_set_request
                0x0000000010007a28       0x1c CMakeFiles/telitHost.dir/mnt/LinuxApps/PicoSDK/pico-sdk/lib/tinyusb/src/device/usbd_control.c.obj
                0x0000000010007a28                usbd_control_set_request
 .text.usbd_control_xfer_cb
                0x0000000010007a44       0xfc CMakeFiles/telitHost.dir/mnt/LinuxApps/PicoSDK/pico-sdk/lib/tinyusb/src/device/usbd_control.c.obj
                0x0000000010007a44                usbd_control_xfer_cb
 .text._prep_out_transaction
                0x0000000010007b40       0x46 CMakeFiles/telitHost.dir/mnt/LinuxApps/PicoSDK/pico-sdk/lib/tinyusb/src/class/cdc/cdc_device.c.obj
 *fill*         0x0000000010007b86        0x2 
 .text.tud_cdc_n_connected
                0x0000000010007b88       0x44 CMakeFiles/telitHost.dir/mnt/LinuxApps/PicoSDK/pico-sdk/lib/tinyusb/src/class/cdc/cdc_device.c.obj
                0x0000000010007b88                tud_cdc_n_connected
 .text.tud_cdc_n_available
                0x0000000010007bcc       0x18 CMakeFiles/telitHost.dir/mnt/LinuxApps/PicoSDK/pico-sdk/lib/tinyusb/src/class/cdc/cdc_device.c.obj
                0x0000000010007bcc                tud_cdc_n_available
 .text.tud_cdc_n_read
                0x0000000010007be4       0x28 CMakeFiles/telitHost.dir/mnt/LinuxApps/PicoSDK/pico-sdk/lib/tinyusb/src/class/cdc/cdc_device.c.obj
                0x0000000010007be4                tud_cdc_n_read
 .text.tud_cdc_n_write_flush
                0x0000000010007c0c       0xcc CMakeFiles/telitHost.dir/mnt/LinuxApps/PicoSDK/pico-sdk/lib/tinyusb/src/class/cdc/cdc_device.c.obj
                0x0000000010007c0c                tud_cdc_n_write_flush
 .text.tud_cdc_n_write
                0x0000000010007cd8       0x38 CMakeFiles/telitHost.dir/mnt/LinuxApps/PicoSDK/pico-sdk/lib/tinyusb/src/class/cdc/cdc_device.c.obj
                0x0000000010007cd8                tud_cdc_n_write
 .text.tud_cdc_n_write_available
                0x0000000010007d10       0x1c CMakeFiles/telitHost.dir/mnt/LinuxApps/PicoSDK/pico-sdk/lib/tinyusb/src/class/cdc/cdc_device.c.obj
                0x0000000010007d10                tud_cdc_n_write_available
 .text.cdcd_init
                0x0000000010007d2c       0xbc CMakeFiles/telitHost.dir/mnt/LinuxApps/PicoSDK/pico-sdk/lib/tinyusb/src/class/cdc/cdc_device.c.obj
                0x0000000010007d2c                cdcd_init
 .text.cdcd_reset
                0x0000000010007de8       0x44 CMakeFiles/telitHost.dir/mnt/LinuxApps/PicoSDK/pico-sdk/lib/tinyusb/src/class/cdc/cdc_device.c.obj
                0x0000000010007de8                cdcd_reset
 .text.cdcd_open
                0x0000000010007e2c       0xf8 CMakeFiles/telitHost.dir/mnt/LinuxApps/PicoSDK/pico-sdk/lib/tinyusb/src/class/cdc/cdc_device.c.obj
                0x0000000010007e2c                cdcd_open
 .text.cdcd_control_xfer_cb
                0x0000000010007f24      0x134 CMakeFiles/telitHost.dir/mnt/LinuxApps/PicoSDK/pico-sdk/lib/tinyusb/src/class/cdc/cdc_device.c.obj
                0x0000000010007f24                cdcd_control_xfer_cb
 .text.cdcd_xfer_cb
                0x0000000010008058      0x144 CMakeFiles/telitHost.dir/mnt/LinuxApps/PicoSDK/pico-sdk/lib/tinyusb/src/class/cdc/cdc_device.c.obj
                0x0000000010008058                cdcd_xfer_cb
 .text.tusb_init
                0x000000001000819c       0x24 CMakeFiles/telitHost.dir/mnt/LinuxApps/PicoSDK/pico-sdk/lib/tinyusb/src/tusb.c.obj
                0x000000001000819c                tusb_init
 .text.tusb_inited
                0x00000000100081c0        0xe CMakeFiles/telitHost.dir/mnt/LinuxApps/PicoSDK/pico-sdk/lib/tinyusb/src/tusb.c.obj
                0x00000000100081c0                tusb_inited
 *fill*         0x00000000100081ce        0x2 
 .text.tu_edpt_validate
                0x00000000100081d0       0xa8 CMakeFiles/telitHost.dir/mnt/LinuxApps/PicoSDK/pico-sdk/lib/tinyusb/src/tusb.c.obj
                0x00000000100081d0                tu_edpt_validate
 .text.tu_edpt_bind_driver
                0x0000000010008278       0x2a CMakeFiles/telitHost.dir/mnt/LinuxApps/PicoSDK/pico-sdk/lib/tinyusb/src/tusb.c.obj
                0x0000000010008278                tu_edpt_bind_driver
 .text.advance_pointer
                0x00000000100082a2       0x18 CMakeFiles/telitHost.dir/mnt/LinuxApps/PicoSDK/pico-sdk/lib/tinyusb/src/common/tusb_fifo.c.obj
 .text.backward_pointer
                0x00000000100082ba       0x1e CMakeFiles/telitHost.dir/mnt/LinuxApps/PicoSDK/pico-sdk/lib/tinyusb/src/common/tusb_fifo.c.obj
 .text.get_relative_pointer
                0x00000000100082d8       0x10 CMakeFiles/telitHost.dir/mnt/LinuxApps/PicoSDK/pico-sdk/lib/tinyusb/src/common/tusb_fifo.c.obj
 .text._tu_fifo_peek
                0x00000000100082e8       0x50 CMakeFiles/telitHost.dir/mnt/LinuxApps/PicoSDK/pico-sdk/lib/tinyusb/src/common/tusb_fifo.c.obj
 .text._ff_pull_const_addr
                0x0000000010008338       0x4c CMakeFiles/telitHost.dir/mnt/LinuxApps/PicoSDK/pico-sdk/lib/tinyusb/src/common/tusb_fifo.c.obj
 .text._ff_pull_n
                0x0000000010008384      0x10c CMakeFiles/telitHost.dir/mnt/LinuxApps/PicoSDK/pico-sdk/lib/tinyusb/src/common/tusb_fifo.c.obj
 .text._tu_fifo_peek_n
                0x0000000010008490       0x5e CMakeFiles/telitHost.dir/mnt/LinuxApps/PicoSDK/pico-sdk/lib/tinyusb/src/common/tusb_fifo.c.obj
 .text._tu_fifo_read_n
                0x00000000100084ee       0x4e CMakeFiles/telitHost.dir/mnt/LinuxApps/PicoSDK/pico-sdk/lib/tinyusb/src/common/tusb_fifo.c.obj
 .text._ff_push_const_addr
                0x000000001000853c       0x40 CMakeFiles/telitHost.dir/mnt/LinuxApps/PicoSDK/pico-sdk/lib/tinyusb/src/common/tusb_fifo.c.obj
 .text._ff_push_n
                0x000000001000857c      0x108 CMakeFiles/telitHost.dir/mnt/LinuxApps/PicoSDK/pico-sdk/lib/tinyusb/src/common/tusb_fifo.c.obj
 .text._tu_fifo_write_n
                0x0000000010008684       0x9e CMakeFiles/telitHost.dir/mnt/LinuxApps/PicoSDK/pico-sdk/lib/tinyusb/src/common/tusb_fifo.c.obj
 .text.tu_fifo_config
                0x0000000010008722       0x72 CMakeFiles/telitHost.dir/mnt/LinuxApps/PicoSDK/pico-sdk/lib/tinyusb/src/common/tusb_fifo.c.obj
                0x0000000010008722                tu_fifo_config
 .text.tu_fifo_count
                0x0000000010008794       0x26 CMakeFiles/telitHost.dir/mnt/LinuxApps/PicoSDK/pico-sdk/lib/tinyusb/src/common/tusb_fifo.c.obj
                0x0000000010008794                tu_fifo_count
 .text.tu_fifo_empty
                0x00000000100087ba       0x10 CMakeFiles/telitHost.dir/mnt/LinuxApps/PicoSDK/pico-sdk/lib/tinyusb/src/common/tusb_fifo.c.obj
                0x00000000100087ba                tu_fifo_empty
 .text.tu_fifo_remaining
                0x00000000100087ca       0x20 CMakeFiles/telitHost.dir/mnt/LinuxApps/PicoSDK/pico-sdk/lib/tinyusb/src/common/tusb_fifo.c.obj
                0x00000000100087ca                tu_fifo_remaining
 .text.tu_fifo_read
                0x00000000100087ea       0x42 CMakeFiles/telitHost.dir/mnt/LinuxApps/PicoSDK/pico-sdk/lib/tinyusb/src/common/tusb_fifo.c.obj
                0x00000000100087ea                tu_fifo_read
 .text.tu_fifo_read_n
                0x000000001000882c        0xa CMakeFiles/telitHost.dir/mnt/LinuxApps/PicoSDK/pico-sdk/lib/tinyusb/src/common/tusb_fifo.c.obj
                0x000000001000882c                tu_fifo_read_n
 .text.tu_fifo_write
                0x0000000010008836       0x6c CMakeFiles/telitHost.dir/mnt/LinuxApps/PicoSDK/pico-sdk/lib/tinyusb/src/common/tusb_fifo.c.obj
                0x0000000010008836                tu_fifo_write
 .text.tu_fifo_write_n
                0x00000000100088a2        0xa CMakeFiles/telitHost.dir/mnt/LinuxApps/PicoSDK/pico-sdk/lib/tinyusb/src/common/tusb_fifo.c.obj
                0x00000000100088a2                tu_fifo_write_n
 .text.tu_fifo_clear
                0x00000000100088ac       0x4c CMakeFiles/telitHost.dir/mnt/LinuxApps/PicoSDK/pico-sdk/lib/tinyusb/src/common/tusb_fifo.c.obj
                0x00000000100088ac                tu_fifo_clear
 .text.tu_fifo_set_overwritable
                0x00000000100088f8       0x3c CMakeFiles/telitHost.dir/mnt/LinuxApps/PicoSDK/pico-sdk/lib/tinyusb/src/common/tusb_fifo.c.obj
                0x00000000100088f8                tu_fifo_set_overwritable
 .text._retrieve_unique_id_on_boot
                0x0000000010008934       0x10 CMakeFiles/telitHost.dir/mnt/LinuxApps/PicoSDK/pico-sdk/src/rp2_common/pico_unique_id/unique_id.c.obj
 .text.pico_get_unique_board_id_string
                0x0000000010008944       0x60 CMakeFiles/telitHost.dir/mnt/LinuxApps/PicoSDK/pico-sdk/src/rp2_common/pico_unique_id/unique_id.c.obj
                0x0000000010008944                pico_get_unique_board_id_string
 .text.flash_get_unique_id
                0x00000000100089a4       0x46 CMakeFiles/telitHost.dir/mnt/LinuxApps/PicoSDK/pico-sdk/src/rp2_common/hardware_flash/flash.c.obj
                0x00000000100089a4                flash_get_unique_id
 *fill*         0x00000000100089ea        0x2 
 .text          0x00000000100089ec       0x18 /usr/lib/gcc/arm-none-eabi/10.3.1/../../../arm-none-eabi/lib/thumb/v6-m/nofp/libg.a(lib_a-atoi.o)
                0x00000000100089ec                atoi
                0x00000000100089f8                _atoi_r
 .text          0x0000000010008a04       0x28 /usr/lib/gcc/arm-none-eabi/10.3.1/../../../arm-none-eabi/lib/thumb/v6-m/nofp/libg.a(lib_a-malloc.o)
                0x0000000010008a04                malloc
                0x0000000010008a18                free
 .text          0x0000000010008a2c      0x574 /usr/lib/gcc/arm-none-eabi/10.3.1/../../../arm-none-eabi/lib/thumb/v6-m/nofp/libg.a(lib_a-mallocr.o)
                0x0000000010008a2c                _malloc_r
 .text          0x0000000010008fa0        0x8 /usr/lib/gcc/arm-none-eabi/10.3.1/../../../arm-none-eabi/lib/thumb/v6-m/nofp/libg.a(lib_a-mlock.o)
                0x0000000010008fa0                __malloc_lock
                0x0000000010008fa4                __malloc_unlock
 .text          0x0000000010008fa8       0x24 /usr/lib/gcc/arm-none-eabi/10.3.1/../../../arm-none-eabi/lib/thumb/v6-m/nofp/libg.a(lib_a-sbrkr.o)
                0x0000000010008fa8                _sbrk_r
 .text          0x0000000010008fcc       0x4c /usr/lib/gcc/arm-none-eabi/10.3.1/../../../arm-none-eabi/lib/thumb/v6-m/nofp/libg.a(lib_a-strcat.o)
                0x0000000010008fcc                strcat
 .text          0x0000000010009018       0xc0 /usr/lib/gcc/arm-none-eabi/10.3.1/../../../arm-none-eabi/lib/thumb/v6-m/nofp/libg.a(lib_a-strchr.o)
                0x0000000010009018                strchr
 .text          0x00000000100090d8       0x10 /usr/lib/gcc/arm-none-eabi/10.3.1/../../../arm-none-eabi/lib/thumb/v6-m/nofp/libg.a(lib_a-strcpy.o)
                0x00000000100090d8                strcpy
 .text          0x00000000100090e8       0x5c /usr/lib/gcc/arm-none-eabi/10.3.1/../../../arm-none-eabi/lib/thumb/v6-m/nofp/libg.a(lib_a-strlen-stub.o)
                0x00000000100090e8                strlen
 .text          0x0000000010009144       0x6c /usr/lib/gcc/arm-none-eabi/10.3.1/../../../arm-none-eabi/lib/thumb/v6-m/nofp/libg.a(lib_a-strncpy.o)
                0x0000000010009144                strncpy
 .text          0x00000000100091b0      0x3fc /usr/lib/gcc/arm-none-eabi/10.3.1/../../../arm-none-eabi/lib/thumb/v6-m/nofp/libg.a(lib_a-strstr.o)
                0x0000000010009438                strstr
 .text          0x00000000100095ac      0x1b8 /usr/lib/gcc/arm-none-eabi/10.3.1/../../../arm-none-eabi/lib/thumb/v6-m/nofp/libg.a(lib_a-strtol.o)
                0x00000000100096f0                _strtol_r
                0x000000001000970c                strtol_l
                0x0000000010009738                strtol
 .text          0x0000000010009764        0xc /usr/lib/gcc/arm-none-eabi/10.3.1/../../../arm-none-eabi/lib/thumb/v6-m/nofp/libg.a(lib_a-errno.o)
                0x0000000010009764                __errno
 .text          0x0000000010009770      0x260 /usr/lib/gcc/arm-none-eabi/10.3.1/../../../arm-none-eabi/lib/thumb/v6-m/nofp/libg.a(lib_a-freer.o)
                0x0000000010009770                _malloc_trim_r
                0x000000001000980c                _free_r
 .text          0x00000000100099d0       0x48 /usr/lib/gcc/arm-none-eabi/10.3.1/../../../arm-none-eabi/lib/thumb/v6-m/nofp/libg.a(lib_a-memcmp.o)
                0x00000000100099d0                memcmp
 .text          0x0000000010009a18       0x24 /usr/lib/gcc/arm-none-eabi/10.3.1/../../../arm-none-eabi/lib/thumb/v6-m/nofp/libg.a(lib_a-strnlen.o)
                0x0000000010009a18                strnlen
 *(.fini)
 .fini          0x0000000010009a3c        0x4 /usr/lib/gcc/arm-none-eabi/10.3.1/thumb/v6-m/nofp/crti.o
                0x0000000010009a3c                _fini
 .fini.__stub   0x0000000010009a40       0x70 linker stubs
 *crtbegin.o(.ctors)
 *crtbegin?.o(.ctors)
 *(EXCLUDE_FILE(*crtend.o *crtend?.o) .ctors)
 *(SORT_BY_NAME(.ctors.*))
 *(.ctors)
 *crtbegin.o(.dtors)
 *crtbegin?.o(.dtors)
 *(EXCLUDE_FILE(*crtend.o *crtend?.o) .dtors)
 *(SORT_BY_NAME(.dtors.*))
 *(.dtors)
 *(.eh_frame*)
 .eh_frame      0x0000000010009ab0        0x0 /usr/lib/gcc/arm-none-eabi/10.3.1/thumb/v6-m/nofp/crtbegin.o
                0x0000000010009ab0                . = ALIGN (0x4)

.glue_7         0x0000000010009ab0        0x0
 .glue_7        0x0000000010009ab0        0x0 linker stubs

.glue_7t        0x0000000010009ab0        0x0
 .glue_7t       0x0000000010009ab0        0x0 linker stubs

.vfp11_veneer   0x0000000010009ab0        0x0
 .vfp11_veneer  0x0000000010009ab0        0x0 linker stubs

.v4_bx          0x0000000010009ab0        0x0
 .v4_bx         0x0000000010009ab0        0x0 linker stubs

.iplt           0x0000000010009ab0        0x0
 .iplt          0x0000000010009ab0        0x0 /usr/lib/gcc/arm-none-eabi/10.3.1/thumb/v6-m/nofp/crtbegin.o

.rodata         0x0000000010009ab0     0x2950
 *(EXCLUDE_FILE(*libm.a: *libc.a:*lib_a-mem*.o *libgcc.a:) .rodata*)
 .rodata.on_uart0_rx.str1.4
                0x0000000010009ab0        0x8 CMakeFiles/telitHost.dir/telitHost.c.obj
                                         0x10 (size before relaxing)
 .rodata.mqtt_read.str1.4
                0x0000000010009ab8      0x107 CMakeFiles/telitHost.dir/telitHost.c.obj
                                        0x10b (size before relaxing)
 *fill*         0x0000000010009bbf        0x1 
 .rodata.create_message.str1.4
                0x0000000010009bc0        0x3 CMakeFiles/telitHost.dir/telitHost.c.obj
 *fill*         0x0000000010009bc3        0x1 
 .rodata.send_message_to_telit.str1.4
                0x0000000010009bc4       0x1b CMakeFiles/telitHost.dir/telitHost.c.obj
 *fill*         0x0000000010009bdf        0x1 
 .rodata.mqtt_new_message_count.str1.4
                0x0000000010009be0       0x75 CMakeFiles/telitHost.dir/telitHost.c.obj
 *fill*         0x0000000010009c55        0x3 
 .rodata.mqtt_read_in_queue.str1.4
                0x0000000010009c58       0x84 CMakeFiles/telitHost.dir/telitHost.c.obj
                                         0x88 (size before relaxing)
 .rodata.mqtt_logout.str1.4
                0x0000000010009cdc       0x9e CMakeFiles/telitHost.dir/telitHost.c.obj
 *fill*         0x0000000010009d7a        0x2 
 .rodata.mqtt_enable_and_configure.str1.4
                0x0000000010009d7c      0x186 CMakeFiles/telitHost.dir/telitHost.c.obj
                                        0x18b (size before relaxing)
 *fill*         0x0000000010009f02        0x2 
 .rodata.mqtt_login.str1.4
                0x0000000010009f04       0xe0 CMakeFiles/telitHost.dir/telitHost.c.obj
 .rodata.mqtt_subscribe_topic.str1.4
                0x0000000010009fe4       0x9f CMakeFiles/telitHost.dir/telitHost.c.obj
 *fill*         0x000000001000a083        0x1 
 .rodata.mqtt_publish.str1.4
                0x000000001000a084       0xa2 CMakeFiles/telitHost.dir/telitHost.c.obj
                                         0xaa (size before relaxing)
 *fill*         0x000000001000a126        0x2 
 .rodata.activate_pdp.str1.4
                0x000000001000a128       0xad CMakeFiles/telitHost.dir/telitHost.c.obj
 *fill*         0x000000001000a1d5        0x3 
 .rodata.define_apn.str1.4
                0x000000001000a1d8       0x54 CMakeFiles/telitHost.dir/telitHost.c.obj
 .rodata.check_gprs_registration.str1.4
                0x000000001000a22c       0xa8 CMakeFiles/telitHost.dir/telitHost.c.obj
 .rodata.process_gprs_registration.str1.4
                0x000000001000a2d4       0xbe CMakeFiles/telitHost.dir/telitHost.c.obj
 *fill*         0x000000001000a392        0x2 
 .rodata.check_gprs_attach.str1.4
                0x000000001000a394       0x73 CMakeFiles/telitHost.dir/telitHost.c.obj
 *fill*         0x000000001000a407        0x1 
 .rodata.process_gprs_attach.str1.4
                0x000000001000a408       0x7c CMakeFiles/telitHost.dir/telitHost.c.obj
 .rodata.check_carrier_registration.str1.4
                0x000000001000a484       0x86 CMakeFiles/telitHost.dir/telitHost.c.obj
 *fill*         0x000000001000a50a        0x2 
 .rodata.check_signal_quality.str1.4
                0x000000001000a50c       0x6d CMakeFiles/telitHost.dir/telitHost.c.obj
 *fill*         0x000000001000a579        0x3 
 .rodata.process_mqtt_enable.str1.4
                0x000000001000a57c       0xb5 CMakeFiles/telitHost.dir/telitHost.c.obj
 *fill*         0x000000001000a631        0x3 
 .rodata.process_mqtt_login.str1.4
                0x000000001000a634       0xaa CMakeFiles/telitHost.dir/telitHost.c.obj
 *fill*         0x000000001000a6de        0x2 
 .rodata.process_carrier_registration.str1.4
                0x000000001000a6e0       0xcd CMakeFiles/telitHost.dir/telitHost.c.obj
 *fill*         0x000000001000a7ad        0x3 
 .rodata.process_signal_quailty.str1.4
                0x000000001000a7b0       0x77 CMakeFiles/telitHost.dir/telitHost.c.obj
 *fill*         0x000000001000a827        0x1 
 .rodata.telit_init_3g.str1.4
                0x000000001000a828       0xab CMakeFiles/telitHost.dir/telitHost.c.obj
 *fill*         0x000000001000a8d3        0x1 
 .rodata.main.str1.4
                0x000000001000a8d4      0x38e CMakeFiles/telitHost.dir/telitHost.c.obj
 *fill*         0x000000001000ac62        0x2 
 .rodata        0x000000001000ac64       0x10 CMakeFiles/telitHost.dir/telitHost.c.obj
 .rodata.spin_lock_claim_unused.str1.4
                0x000000001000ac74       0x1b CMakeFiles/telitHost.dir/mnt/LinuxApps/PicoSDK/pico-sdk/src/rp2_common/hardware_sync/sync.c.obj
 *fill*         0x000000001000ac8f        0x1 
 .rodata.repeating_timer_callback.str1.4
                0x000000001000ac90       0x50 CMakeFiles/telitHost.dir/mnt/LinuxApps/PicoSDK/pico-sdk/src/common/pico_time/time.c.obj
 .rodata.alarm_pool_dump_key.str1.4
                0x000000001000ace0       0x33 CMakeFiles/telitHost.dir/mnt/LinuxApps/PicoSDK/pico-sdk/src/common/pico_time/time.c.obj
 *fill*         0x000000001000ad13        0x1 
 .rodata.ph_add_child_node.str1.4
                0x000000001000ad14       0x9a CMakeFiles/telitHost.dir/mnt/LinuxApps/PicoSDK/pico-sdk/src/common/pico_time/time.c.obj
 *fill*         0x000000001000adae        0x2 
 .rodata.add_alarm_under_lock.str1.4
                0x000000001000adb0       0x28 CMakeFiles/telitHost.dir/mnt/LinuxApps/PicoSDK/pico-sdk/src/common/pico_time/time.c.obj
                                         0x2b (size before relaxing)
 .rodata.alarm_pool_alarm_callback.str1.4
                0x000000001000add8       0xea CMakeFiles/telitHost.dir/mnt/LinuxApps/PicoSDK/pico-sdk/src/common/pico_time/time.c.obj
 *fill*         0x000000001000aec2        0x2 
 .rodata.alarm_pool_get_default.str1.4
                0x000000001000aec4       0x21 CMakeFiles/telitHost.dir/mnt/LinuxApps/PicoSDK/pico-sdk/src/common/pico_time/time.c.obj
 *fill*         0x000000001000aee5        0x3 
 .rodata.alarm_pool_cancel_alarm.str1.4
                0x000000001000aee8       0x27 CMakeFiles/telitHost.dir/mnt/LinuxApps/PicoSDK/pico-sdk/src/common/pico_time/time.c.obj
 *fill*         0x000000001000af0f        0x1 
 .rodata.sleep_until.str1.4
                0x000000001000af10       0x4d CMakeFiles/telitHost.dir/mnt/LinuxApps/PicoSDK/pico-sdk/src/common/pico_time/time.c.obj
 *fill*         0x000000001000af5d        0x3 
 .rodata.__func__.1
                0x000000001000af60       0x18 CMakeFiles/telitHost.dir/mnt/LinuxApps/PicoSDK/pico-sdk/src/common/pico_time/time.c.obj
 .rodata.__func__.10
                0x000000001000af78       0x15 CMakeFiles/telitHost.dir/mnt/LinuxApps/PicoSDK/pico-sdk/src/common/pico_time/time.c.obj
 *fill*         0x000000001000af8d        0x3 
 .rodata.__func__.11
                0x000000001000af90       0x1a CMakeFiles/telitHost.dir/mnt/LinuxApps/PicoSDK/pico-sdk/src/common/pico_time/time.c.obj
 *fill*         0x000000001000afaa        0x2 
 .rodata.__func__.12
                0x000000001000afac        0xa CMakeFiles/telitHost.dir/mnt/LinuxApps/PicoSDK/pico-sdk/src/common/pico_time/time.c.obj
 *fill*         0x000000001000afb6        0x2 
 .rodata.__func__.3
                0x000000001000afb8       0x17 CMakeFiles/telitHost.dir/mnt/LinuxApps/PicoSDK/pico-sdk/src/common/pico_time/time.c.obj
 *fill*         0x000000001000afcf        0x1 
 .rodata.__func__.4
                0x000000001000afd0       0x12 CMakeFiles/telitHost.dir/mnt/LinuxApps/PicoSDK/pico-sdk/src/common/pico_time/time.c.obj
 *fill*         0x000000001000afe2        0x2 
 .rodata.__func__.5
                0x000000001000afe4        0xd CMakeFiles/telitHost.dir/mnt/LinuxApps/PicoSDK/pico-sdk/src/common/pico_time/time.c.obj
 *fill*         0x000000001000aff1        0x3 
 .rodata.__func__.6
                0x000000001000aff4       0x12 CMakeFiles/telitHost.dir/mnt/LinuxApps/PicoSDK/pico-sdk/src/common/pico_time/time.c.obj
 *fill*         0x000000001000b006        0x2 
 .rodata.__func__.7
                0x000000001000b008        0xf CMakeFiles/telitHost.dir/mnt/LinuxApps/PicoSDK/pico-sdk/src/common/pico_time/time.c.obj
 *fill*         0x000000001000b017        0x1 
 .rodata.__func__.8
                0x000000001000b018        0xc CMakeFiles/telitHost.dir/mnt/LinuxApps/PicoSDK/pico-sdk/src/common/pico_time/time.c.obj
 .rodata.__func__.9
                0x000000001000b024       0x15 CMakeFiles/telitHost.dir/mnt/LinuxApps/PicoSDK/pico-sdk/src/common/pico_time/time.c.obj
 *fill*         0x000000001000b039        0x3 
 .rodata.hardware_alarm_claim.str1.4
                0x000000001000b03c       0x22 CMakeFiles/telitHost.dir/mnt/LinuxApps/PicoSDK/pico-sdk/src/rp2_common/hardware_timer/timer.c.obj
 .rodata.busy_wait_us.str1.4
                0x000000001000b05e       0x66 CMakeFiles/telitHost.dir/mnt/LinuxApps/PicoSDK/pico-sdk/src/rp2_common/hardware_timer/timer.c.obj
 *fill*         0x000000001000b05e        0x2 
 .rodata.hardware_alarm_set_target.str1.4
                0x000000001000b060       0x6a CMakeFiles/telitHost.dir/mnt/LinuxApps/PicoSDK/pico-sdk/src/rp2_common/hardware_timer/timer.c.obj
 *fill*         0x000000001000b0ca        0x2 
 .rodata.__func__.0
                0x000000001000b0cc       0x1a CMakeFiles/telitHost.dir/mnt/LinuxApps/PicoSDK/pico-sdk/src/rp2_common/hardware_timer/timer.c.obj
 *fill*         0x000000001000b0e6        0x2 
 .rodata.__func__.1
                0x000000001000b0e8       0x15 CMakeFiles/telitHost.dir/mnt/LinuxApps/PicoSDK/pico-sdk/src/rp2_common/hardware_timer/timer.c.obj
 *fill*         0x000000001000b0fd        0x3 
 .rodata.str1.4
                0x000000001000b100       0x91 CMakeFiles/telitHost.dir/mnt/LinuxApps/PicoSDK/pico-sdk/src/common/pico_sync/mutex.c.obj
                                         0xf9 (size before relaxing)
 *fill*         0x000000001000b191        0x3 
 .rodata.__func__.1
                0x000000001000b194        0xb CMakeFiles/telitHost.dir/mnt/LinuxApps/PicoSDK/pico-sdk/src/common/pico_sync/mutex.c.obj
 *fill*         0x000000001000b19f        0x1 
 .rodata.__func__.3
                0x000000001000b1a0       0x18 CMakeFiles/telitHost.dir/mnt/LinuxApps/PicoSDK/pico-sdk/src/common/pico_sync/mutex.c.obj
 .rodata.__func__.4
                0x000000001000b1b8       0x15 CMakeFiles/telitHost.dir/mnt/LinuxApps/PicoSDK/pico-sdk/src/common/pico_sync/mutex.c.obj
 .rodata.ph_add_child_node.str1.4
                0x000000001000b1cd       0x9a CMakeFiles/telitHost.dir/mnt/LinuxApps/PicoSDK/pico-sdk/src/common/pico_util/pheap.c.obj
 *fill*         0x000000001000b1cd        0x3 
 .rodata.ph_remove_any_head.str1.4
                0x000000001000b1d0       0x94 CMakeFiles/telitHost.dir/mnt/LinuxApps/PicoSDK/pico-sdk/src/common/pico_util/pheap.c.obj
 .rodata.ph_remove_and_free_node.str1.4
                0x000000001000b264       0x26 CMakeFiles/telitHost.dir/mnt/LinuxApps/PicoSDK/pico-sdk/src/common/pico_util/pheap.c.obj
 *fill*         0x000000001000b28a        0x2 
 .rodata.__func__.0
                0x000000001000b28c       0x18 CMakeFiles/telitHost.dir/mnt/LinuxApps/PicoSDK/pico-sdk/src/common/pico_util/pheap.c.obj
 .rodata.__func__.1
                0x000000001000b2a4       0x13 CMakeFiles/telitHost.dir/mnt/LinuxApps/PicoSDK/pico-sdk/src/common/pico_util/pheap.c.obj
 *fill*         0x000000001000b2b7        0x1 
 .rodata.__func__.2
                0x000000001000b2b8       0x12 CMakeFiles/telitHost.dir/mnt/LinuxApps/PicoSDK/pico-sdk/src/common/pico_util/pheap.c.obj
 *fill*         0x000000001000b2ca        0x2 
 .rodata.__func__.3
                0x000000001000b2cc        0xc CMakeFiles/telitHost.dir/mnt/LinuxApps/PicoSDK/pico-sdk/src/common/pico_util/pheap.c.obj
 .rodata.__assert_func.str1.4
                0x000000001000b2d8       0x3f CMakeFiles/telitHost.dir/mnt/LinuxApps/PicoSDK/pico-sdk/src/rp2_common/pico_runtime/runtime.c.obj
                                         0x43 (size before relaxing)
 *fill*         0x000000001000b317        0x1 
 .rodata.runtime_init.str1.4
                0x000000001000b318       0x66 CMakeFiles/telitHost.dir/mnt/LinuxApps/PicoSDK/pico-sdk/src/rp2_common/pico_runtime/runtime.c.obj
 *fill*         0x000000001000b37e        0x2 
 .rodata.panic.str1.4
                0x000000001000b380       0x10 CMakeFiles/telitHost.dir/mnt/LinuxApps/PicoSDK/pico-sdk/src/rp2_common/pico_runtime/runtime.c.obj
                                         0x12 (size before relaxing)
 .rodata.__func__.1
                0x000000001000b390        0xd CMakeFiles/telitHost.dir/mnt/LinuxApps/PicoSDK/pico-sdk/src/rp2_common/pico_runtime/runtime.c.obj
 *fill*         0x000000001000b39d        0x3 
 .rodata.clock_configure.str1.4
                0x000000001000b3a0       0x5c CMakeFiles/telitHost.dir/mnt/LinuxApps/PicoSDK/pico-sdk/src/rp2_common/hardware_clocks/clocks.c.obj
 .rodata.__func__.1
                0x000000001000b3fc       0x10 CMakeFiles/telitHost.dir/mnt/LinuxApps/PicoSDK/pico-sdk/src/rp2_common/hardware_clocks/clocks.c.obj
 .rodata.make_branch.str1.4
                0x000000001000b40c       0x52 CMakeFiles/telitHost.dir/mnt/LinuxApps/PicoSDK/pico-sdk/src/rp2_common/hardware_irq/irq.c.obj
 *fill*         0x000000001000b45e        0x2 
 .rodata.irq_set_exclusive_handler.str1.4
                0x000000001000b460       0x36 CMakeFiles/telitHost.dir/mnt/LinuxApps/PicoSDK/pico-sdk/src/rp2_common/hardware_irq/irq.c.obj
 *fill*         0x000000001000b496        0x2 
 .rodata.irq_add_shared_handler.str1.4
                0x000000001000b498       0xd9 CMakeFiles/telitHost.dir/mnt/LinuxApps/PicoSDK/pico-sdk/src/rp2_common/hardware_irq/irq.c.obj
 *fill*         0x000000001000b571        0x3 
 .rodata.irq_remove_handler.str1.4
                0x000000001000b574       0x2a CMakeFiles/telitHost.dir/mnt/LinuxApps/PicoSDK/pico-sdk/src/rp2_common/hardware_irq/irq.c.obj
 *fill*         0x000000001000b59e        0x2 
 .rodata.irq_add_tail_to_free_list.str1.4
                0x000000001000b5a0       0x32 CMakeFiles/telitHost.dir/mnt/LinuxApps/PicoSDK/pico-sdk/src/rp2_common/hardware_irq/irq.c.obj
                                         0x3a (size before relaxing)
 *fill*         0x000000001000b5d2        0x2 
 .rodata.__func__.0
                0x000000001000b5d4       0x1a CMakeFiles/telitHost.dir/mnt/LinuxApps/PicoSDK/pico-sdk/src/rp2_common/hardware_irq/irq.c.obj
 *fill*         0x000000001000b5ee        0x2 
 .rodata.__func__.1
                0x000000001000b5f0       0x17 CMakeFiles/telitHost.dir/mnt/LinuxApps/PicoSDK/pico-sdk/src/rp2_common/hardware_irq/irq.c.obj
 *fill*         0x000000001000b607        0x1 
 .rodata.__func__.2
                0x000000001000b608       0x13 CMakeFiles/telitHost.dir/mnt/LinuxApps/PicoSDK/pico-sdk/src/rp2_common/hardware_irq/irq.c.obj
 *fill*         0x000000001000b61b        0x1 
 .rodata.__func__.3
                0x000000001000b61c        0xc CMakeFiles/telitHost.dir/mnt/LinuxApps/PicoSDK/pico-sdk/src/rp2_common/hardware_irq/irq.c.obj
 .rodata.__func__.4
                0x000000001000b628        0xf CMakeFiles/telitHost.dir/mnt/LinuxApps/PicoSDK/pico-sdk/src/rp2_common/hardware_irq/irq.c.obj
 *fill*         0x000000001000b637        0x1 
 .rodata.__func__.6
                0x000000001000b638       0x1a CMakeFiles/telitHost.dir/mnt/LinuxApps/PicoSDK/pico-sdk/src/rp2_common/hardware_irq/irq.c.obj
 *fill*         0x000000001000b652        0x2 
 .rodata.pll_init.str1.4
                0x000000001000b654       0xdf CMakeFiles/telitHost.dir/mnt/LinuxApps/PicoSDK/pico-sdk/src/rp2_common/hardware_pll/pll.c.obj
 *fill*         0x000000001000b733        0x1 
 .rodata.__func__.0
                0x000000001000b734        0x9 CMakeFiles/telitHost.dir/mnt/LinuxApps/PicoSDK/pico-sdk/src/rp2_common/hardware_pll/pll.c.obj
 *fill*         0x000000001000b73d        0x3 
 .rodata._ftoa.str1.4
                0x000000001000b740       0x15 CMakeFiles/telitHost.dir/mnt/LinuxApps/PicoSDK/pico-sdk/src/rp2_common/pico_printf/printf.c.obj
 *fill*         0x000000001000b755        0x3 
 .rodata._vsnprintf
                0x000000001000b758      0x1e0 CMakeFiles/telitHost.dir/mnt/LinuxApps/PicoSDK/pico-sdk/src/rp2_common/pico_printf/printf.c.obj
 .rodata.pow10.0
                0x000000001000b938       0x50 CMakeFiles/telitHost.dir/mnt/LinuxApps/PicoSDK/pico-sdk/src/rp2_common/pico_printf/printf.c.obj
 .rodata.__aeabi_double_init.str1.4
                0x000000001000b988       0xad CMakeFiles/telitHost.dir/mnt/LinuxApps/PicoSDK/pico-sdk/src/rp2_common/pico_double/double_init_rom.c.obj
 *fill*         0x000000001000ba35        0x3 
 .rodata.__func__.0
                0x000000001000ba38       0x14 CMakeFiles/telitHost.dir/mnt/LinuxApps/PicoSDK/pico-sdk/src/rp2_common/pico_double/double_init_rom.c.obj
 .rodata.__aeabi_float_init.str1.4
                0x000000001000ba4c       0x7f CMakeFiles/telitHost.dir/mnt/LinuxApps/PicoSDK/pico-sdk/src/rp2_common/pico_float/float_init_rom.c.obj
                                         0x83 (size before relaxing)
 *fill*         0x000000001000bacb        0x1 
 .rodata.__func__.0
                0x000000001000bacc       0x13 CMakeFiles/telitHost.dir/mnt/LinuxApps/PicoSDK/pico-sdk/src/rp2_common/pico_float/float_init_rom.c.obj
 *fill*         0x000000001000badf        0x1 
 .rodata.__wrap_malloc.str1.4
                0x000000001000bae0        0xe CMakeFiles/telitHost.dir/mnt/LinuxApps/PicoSDK/pico-sdk/src/rp2_common/pico_malloc/pico_malloc.c.obj
 *fill*         0x000000001000baee        0x2 
 .rodata.str1.4
                0x000000001000baf0       0x40 CMakeFiles/telitHost.dir/mnt/LinuxApps/PicoSDK/pico-sdk/src/rp2_common/pico_standard_link/binary_info.c.obj
 .rodata.__bi_44
                0x000000001000bb30        0xc CMakeFiles/telitHost.dir/mnt/LinuxApps/PicoSDK/pico-sdk/src/rp2_common/pico_standard_link/binary_info.c.obj
 .rodata.__bi_75
                0x000000001000bb3c        0xc CMakeFiles/telitHost.dir/mnt/LinuxApps/PicoSDK/pico-sdk/src/rp2_common/pico_standard_link/binary_info.c.obj
 .rodata.__bi_81
                0x000000001000bb48        0xc CMakeFiles/telitHost.dir/mnt/LinuxApps/PicoSDK/pico-sdk/src/rp2_common/pico_standard_link/binary_info.c.obj
 .rodata.__wrap_getchar.str1.4
                0x000000001000bb54       0x4e CMakeFiles/telitHost.dir/mnt/LinuxApps/PicoSDK/pico-sdk/src/rp2_common/pico_stdio/stdio.c.obj
 .rodata.getchar_timeout_us.str1.4
                0x000000001000bba2       0x6b CMakeFiles/telitHost.dir/mnt/LinuxApps/PicoSDK/pico-sdk/src/rp2_common/pico_stdio/stdio.c.obj
 *fill*         0x000000001000bba2        0x2 
 .rodata.__func__.0
                0x000000001000bba4       0x15 CMakeFiles/telitHost.dir/mnt/LinuxApps/PicoSDK/pico-sdk/src/rp2_common/pico_stdio/stdio.c.obj
 *fill*         0x000000001000bbb9        0x3 
 .rodata.__func__.1
                0x000000001000bbbc       0x13 CMakeFiles/telitHost.dir/mnt/LinuxApps/PicoSDK/pico-sdk/src/rp2_common/pico_stdio/stdio.c.obj
 *fill*         0x000000001000bbcf        0x1 
 .rodata.crlf_str.3
                0x000000001000bbd0        0x2 CMakeFiles/telitHost.dir/mnt/LinuxApps/PicoSDK/pico-sdk/src/rp2_common/pico_stdio/stdio.c.obj
 *fill*         0x000000001000bbd2        0x2 
 .rodata._resetd_driver
                0x000000001000bbd4       0x18 CMakeFiles/telitHost.dir/mnt/LinuxApps/PicoSDK/pico-sdk/src/rp2_common/pico_stdio_usb/reset_interface.c.obj
 .rodata.stdio_usb_init.str1.4
                0x000000001000bbec       0x66 CMakeFiles/telitHost.dir/mnt/LinuxApps/PicoSDK/pico-sdk/src/rp2_common/pico_stdio_usb/stdio_usb.c.obj
 .rodata.str1.4
                0x000000001000bbec       0x13 CMakeFiles/telitHost.dir/mnt/LinuxApps/PicoSDK/pico-sdk/src/rp2_common/pico_stdio_usb/stdio_usb.c.obj
 *fill*         0x000000001000bbff        0x1 
 .rodata.__bi_93.1
                0x000000001000bc00        0xc CMakeFiles/telitHost.dir/mnt/LinuxApps/PicoSDK/pico-sdk/src/rp2_common/pico_stdio_usb/stdio_usb.c.obj
 .rodata.__func__.0
                0x000000001000bc0c       0x15 CMakeFiles/telitHost.dir/mnt/LinuxApps/PicoSDK/pico-sdk/src/rp2_common/pico_stdio_usb/stdio_usb.c.obj
 *fill*         0x000000001000bc21        0x3 
 .rodata.str1.4
                0x000000001000bc24       0x2a CMakeFiles/telitHost.dir/mnt/LinuxApps/PicoSDK/pico-sdk/src/rp2_common/pico_stdio_usb/stdio_usb_descriptors.c.obj
 *fill*         0x000000001000bc4e        0x2 
 .rodata.usbd_desc_cfg
                0x000000001000bc50       0x54 CMakeFiles/telitHost.dir/mnt/LinuxApps/PicoSDK/pico-sdk/src/rp2_common/pico_stdio_usb/stdio_usb_descriptors.c.obj
 .rodata.usbd_desc_device
                0x000000001000bca4       0x12 CMakeFiles/telitHost.dir/mnt/LinuxApps/PicoSDK/pico-sdk/src/rp2_common/pico_stdio_usb/stdio_usb_descriptors.c.obj
 *fill*         0x000000001000bcb6        0x2 
 .rodata.usbd_desc_str
                0x000000001000bcb8       0x18 CMakeFiles/telitHost.dir/mnt/LinuxApps/PicoSDK/pico-sdk/src/rp2_common/pico_stdio_usb/stdio_usb_descriptors.c.obj
 .rodata._hw_endpoint_alloc.str1.4